[
  {
    "__class__": "ReportedError",
    "message": {
      "__class__": "DuplicateField",
      "field": "x"
    },
    "range": {
      "__class__": "Pair",
      "first": {
        "__class__": "Location",
        "value": 29
      },
      "second": {
        "__class__": "Location",
        "value": 29
      }
    }
  }
]