{
  "__class__": "ExampleResult",
  "AST": {
    "__class__": "Block",
    "expressions": [
      {
        "__class__": "FunctionDeclaration",
        "arguments": [
          {
            "__class__": "FunctionArgument",
            "type": {
              "__class__": "Basic",
              "identifier": "Int",
              "range": {
                "__class__": "Pair",
                "first": {
                  "__class__": "Location",
                  "value": 19
                },
                "second": {
                  "__class__": "Location",
                  "value": 21
                }
              }
            },
            "identifier": "x",
            "range": {
              "__class__": "Pair",
              "first": {
                "__class__": "Location",
                "value": 16
              },
              "second": {
                "__class__": "Location",
                "value": 21
              }
            }
          }
        ],
        "returnType": {
          "__class__": "Basic",
          "identifier": "Bool",
          "range": {
            "__class__": "Pair",
            "first": {
              "__class__": "Location",
              "value": 27
            },
            "second": {
              "__class__": "Location",
              "value": 30
            }
          }
        },
        "body": {
          "__class__": "Block",
          "expressions": [
            {
              "__class__": "IfElseStatement",
              "testExpression": {
                "__class__": "Equals",
                "lhs": {
                  "__class__": "VariableUse",
                  "identifier": "x",
                  "range": {
                    "__class__": "Pair",
                    "first": {
                      "__class__": "Location",
                      "value": 44
                    },
                    "second": {
                      "__class__": "Location",
                      "value": 44
                    }
                  }
                },
                "rhs": {
                  "__class__": "IntLiteral",
                  "value": 42,
                  "range": {
                    "__class__": "Pair",
                    "first": {
                      "__class__": "Location",
                      "value": 49
                    },
                    "second": {
                      "__class__": "Location",
                      "value": 50
                    }
                  }
                },
                "range": {
                  "__class__": "Pair",
                  "first": {
                    "__class__": "Location",
                    "value": 44
                  },
                  "second": {
                    "__class__": "Location",
                    "value": 50
                  }
                }
              },
              "doExpression": {
                "__class__": "ReturnStatement",
                "value": {
                  "__class__": "BoolLiteral",
                  "value": true,
                  "range": {
                    "__class__": "Pair",
                    "first": {
                      "__class__": "Location",
                      "value": 72
                    },
                    "second": {
                      "__class__": "Location",
                      "value": 75
                    }
                  }
                },
                "range": {
                  "__class__": "Pair",
                  "first": {
                    "__class__": "Location",
                    "value": 65
                  },
                  "second": {
                    "__class__": "Location",
                    "value": 75
                  }
                }
              },
              "range": {
                "__class__": "Pair",
                "first": {
                  "__class__": "Location",
                  "value": 41
                },
                "second": {
                  "__class__": "Location",
                  "value": 75
                }
              }
            },
            {
              "__class__": "IntLiteral",
              "value": 29,
              "range": {
                "__class__": "Pair",
                "first": {
                  "__class__": "Location",
                  "value": 82
                },
                "second": {
                  "__class__": "Location",
                  "value": 83
                }
              }
            }
          ],
          "range": {
            "__class__": "Pair",
            "first": {
              "__class__": "Location",
              "value": 35
            },
            "second": {
              "__class__": "Location",
              "value": 120
            }
          }
        },
        "identifier": "confused",
        "range": {
          "__class__": "Pair",
          "first": {
            "__class__": "Location",
            "value": 0
          },
          "second": {
            "__class__": "Location",
            "value": 120
          }
        }
      },
      {
        "__class__": "Empty",
        "range": {
          "__class__": "Pair",
          "first": {
            "__class__": "Location",
            "value": 120
          },
          "second": {
            "__class__": "Location",
            "value": 120
          }
        }
      }
    ],
    "range": {
      "__class__": "Pair",
      "first": {
        "__class__": "Location",
        "value": 0
      },
      "second": {
        "__class__": "Location",
        "value": 121
      }
    }
  },
  "diagnostics": {
    "__class__": "TestDiagnostics",
    "errors": []
  },
  "exceptionMessage": ""
}