{
  "__class__": "Block",
  "expressions": [
    {
      "__class__": "FunctionDeclaration",
      "type": {
        "__class__": "Functional",
        "argumentsType": [],
        "returnType": {
          "__class__": "Basic",
          "identifier": "Unit",
          "range": {
            "__class__": "Pair",
            "first": {
              "__class__": "Location",
              "value": -1
            },
            "second": {
              "__class__": "Location",
              "value": -1
            }
          }
        },
        "range": {
          "__class__": "Pair",
          "first": {
            "__class__": "Location",
            "value": -1
          },
          "second": {
            "__class__": "Location",
            "value": -1
          }
        }
      },
      "arguments": [],
      "returnType": {
        "__class__": "Basic",
        "identifier": "Unit",
        "range": {
          "__class__": "Pair",
          "first": {
            "__class__": "Location",
            "value": -1
          },
          "second": {
            "__class__": "Location",
            "value": -1
          }
        }
      },
      "body": {
        "__class__": "Block",
        "expressions": [
          {
            "__class__": "Block",
            "expressions": [
              {
                "__class__": "FunctionDeclaration",
                "arguments": [],
                "returnType": {
                  "__class__": "Basic",
                  "identifier": "Bool",
                  "range": {
                    "__class__": "Pair",
                    "first": {
                      "__class__": "Location",
                      "value": 49
                    },
                    "second": {
                      "__class__": "Location",
                      "value": 52
                    }
                  }
                },
                "body": {
                  "__class__": "BoolLiteral",
                  "value": true,
                  "range": {
                    "__class__": "Pair",
                    "first": {
                      "__class__": "Location",
                      "value": 57
                    },
                    "second": {
                      "__class__": "Location",
                      "value": 60
                    }
                  }
                },
                "identifier": "f",
                "range": {
                  "__class__": "Pair",
                  "first": {
                    "__class__": "Location",
                    "value": 35
                  },
                  "second": {
                    "__class__": "Location",
                    "value": 60
                  }
                }
              },
              {
                "__class__": "FunctionDeclaration",
                "arguments": [
                  {
                    "__class__": "FunctionArgument",
                    "type": {
                      "__class__": "Basic",
                      "identifier": "Int",
                      "range": {
                        "__class__": "Pair",
                        "first": {
                          "__class__": "Location",
                          "value": 75
                        },
                        "second": {
                          "__class__": "Location",
                          "value": 77
                        }
                      }
                    },
                    "identifier": "x",
                    "range": {
                      "__class__": "Pair",
                      "first": {
                        "__class__": "Location",
                        "value": 72
                      },
                      "second": {
                        "__class__": "Location",
                        "value": 77
                      }
                    }
                  }
                ],
                "returnType": {
                  "__class__": "Basic",
                  "identifier": "Int",
                  "range": {
                    "__class__": "Pair",
                    "first": {
                      "__class__": "Location",
                      "value": 83
                    },
                    "second": {
                      "__class__": "Location",
                      "value": 85
                    }
                  }
                },
                "body": {
                  "__class__": "VariableUse",
                  "identifier": "x",
                  "range": {
                    "__class__": "Pair",
                    "first": {
                      "__class__": "Location",
                      "value": 90
                    },
                    "second": {
                      "__class__": "Location",
                      "value": 90
                    }
                  }
                },
                "identifier": "f",
                "range": {
                  "__class__": "Pair",
                  "first": {
                    "__class__": "Location",
                    "value": 63
                  },
                  "second": {
                    "__class__": "Location",
                    "value": 90
                  }
                }
              },
              {
                "__class__": "Block",
                "expressions": [
                  {
                    "__class__": "FunctionDeclaration",
                    "arguments": [],
                    "returnType": {
                      "__class__": "Basic",
                      "identifier": "Int",
                      "range": {
                        "__class__": "Pair",
                        "first": {
                          "__class__": "Location",
                          "value": 113
                        },
                        "second": {
                          "__class__": "Location",
                          "value": 115
                        }
                      }
                    },
                    "body": {
                      "__class__": "IntLiteral",
                      "value": 1,
                      "range": {
                        "__class__": "Pair",
                        "first": {
                          "__class__": "Location",
                          "value": 120
                        },
                        "second": {
                          "__class__": "Location",
                          "value": 120
                        }
                      }
                    },
                    "identifier": "f",
                    "range": {
                      "__class__": "Pair",
                      "first": {
                        "__class__": "Location",
                        "value": 99
                      },
                      "second": {
                        "__class__": "Location",
                        "value": 120
                      }
                    }
                  },
                  {
                    "__class__": "FunctionDeclaration",
                    "arguments": [
                      {
                        "__class__": "FunctionArgument",
                        "type": {
                          "__class__": "Basic",
                          "identifier": "Int",
                          "range": {
                            "__class__": "Pair",
                            "first": {
                              "__class__": "Location",
                              "value": 143
                            },
                            "second": {
                              "__class__": "Location",
                              "value": 145
                            }
                          }
                        },
                        "identifier": "x",
                        "range": {
                          "__class__": "Pair",
                          "first": {
                            "__class__": "Location",
                            "value": 140
                          },
                          "second": {
                            "__class__": "Location",
                            "value": 145
                          }
                        }
                      }
                    ],
                    "returnType": {
                      "__class__": "Basic",
                      "identifier": "Int",
                      "range": {
                        "__class__": "Pair",
                        "first": {
                          "__class__": "Location",
                          "value": 151
                        },
                        "second": {
                          "__class__": "Location",
                          "value": 153
                        }
                      }
                    },
                    "body": {
                      "__class__": "VariableUse",
                      "identifier": "x",
                      "range": {
                        "__class__": "Pair",
                        "first": {
                          "__class__": "Location",
                          "value": 158
                        },
                        "second": {
                          "__class__": "Location",
                          "value": 158
                        }
                      }
                    },
                    "identifier": "check",
                    "range": {
                      "__class__": "Pair",
                      "first": {
                        "__class__": "Location",
                        "value": 127
                      },
                      "second": {
                        "__class__": "Location",
                        "value": 158
                      }
                    }
                  },
                  {
                    "__class__": "FunctionCall",
                    "function": {
                      "__class__": "VariableUse",
                      "identifier": "check",
                      "range": {
                        "__class__": "Pair",
                        "first": {
                          "__class__": "Location",
                          "value": 174
                        },
                        "second": {
                          "__class__": "Location",
                          "value": 178
                        }
                      }
                    },
                    "arguments": [
                      {
                        "__class__": "Addition",
                        "lhs": {
                          "__class__": "FunctionCall",
                          "function": {
                            "__class__": "VariableUse",
                            "identifier": "f",
                            "range": {
                              "__class__": "Pair",
                              "first": {
                                "__class__": "Location",
                                "value": 180
                              },
                              "second": {
                                "__class__": "Location",
                                "value": 180
                              }
                            }
                          },
                          "arguments": [],
                          "range": {
                            "__class__": "Pair",
                            "first": {
                              "__class__": "Location",
                              "value": 180
                            },
                            "second": {
                              "__class__": "Location",
                              "value": 182
                            }
                          }
                        },
                        "rhs": {
                          "__class__": "FunctionCall",
                          "function": {
                            "__class__": "VariableUse",
                            "identifier": "f",
                            "range": {
                              "__class__": "Pair",
                              "first": {
                                "__class__": "Location",
                                "value": 186
                              },
                              "second": {
                                "__class__": "Location",
                                "value": 186
                              }
                            }
                          },
                          "arguments": [
                            {
                              "__class__": "IntLiteral",
                              "value": 1,
                              "range": {
                                "__class__": "Pair",
                                "first": {
                                  "__class__": "Location",
                                  "value": 188
                                },
                                "second": {
                                  "__class__": "Location",
                                  "value": 188
                                }
                              }
                            }
                          ],
                          "range": {
                            "__class__": "Pair",
                            "first": {
                              "__class__": "Location",
                              "value": 186
                            },
                            "second": {
                              "__class__": "Location",
                              "value": 189
                            }
                          }
                        },
                        "range": {
                          "__class__": "Pair",
                          "first": {
                            "__class__": "Location",
                            "value": 180
                          },
                          "second": {
                            "__class__": "Location",
                            "value": 189
                          }
                        }
                      }
                    ],
                    "range": {
                      "__class__": "Pair",
                      "first": {
                        "__class__": "Location",
                        "value": 174
                      },
                      "second": {
                        "__class__": "Location",
                        "value": 190
                      }
                    }
                  },
                  {
                    "__class__": "FunctionDeclaration",
                    "arguments": [
                      {
                        "__class__": "FunctionArgument",
                        "type": {
                          "__class__": "Basic",
                          "identifier": "Bool",
                          "range": {
                            "__class__": "Pair",
                            "first": {
                              "__class__": "Location",
                              "value": 209
                            },
                            "second": {
                              "__class__": "Location",
                              "value": 212
                            }
                          }
                        },
                        "identifier": "x",
                        "range": {
                          "__class__": "Pair",
                          "first": {
                            "__class__": "Location",
                            "value": 206
                          },
                          "second": {
                            "__class__": "Location",
                            "value": 212
                          }
                        }
                      }
                    ],
                    "returnType": {
                      "__class__": "Basic",
                      "identifier": "Int",
                      "range": {
                        "__class__": "Pair",
                        "first": {
                          "__class__": "Location",
                          "value": 218
                        },
                        "second": {
                          "__class__": "Location",
                          "value": 220
                        }
                      }
                    },
                    "body": {
                      "__class__": "IntLiteral",
                      "value": 1,
                      "range": {
                        "__class__": "Pair",
                        "first": {
                          "__class__": "Location",
                          "value": 225
                        },
                        "second": {
                          "__class__": "Location",
                          "value": 225
                        }
                      }
                    },
                    "identifier": "f",
                    "range": {
                      "__class__": "Pair",
                      "first": {
                        "__class__": "Location",
                        "value": 197
                      },
                      "second": {
                        "__class__": "Location",
                        "value": 225
                      }
                    }
                  },
                  {
                    "__class__": "FunctionCall",
                    "function": {
                      "__class__": "VariableUse",
                      "identifier": "check",
                      "range": {
                        "__class__": "Pair",
                        "first": {
                          "__class__": "Location",
                          "value": 242
                        },
                        "second": {
                          "__class__": "Location",
                          "value": 246
                        }
                      }
                    },
                    "arguments": [
                      {
                        "__class__": "Addition",
                        "lhs": {
                          "__class__": "FunctionCall",
                          "function": {
                            "__class__": "VariableUse",
                            "identifier": "f",
                            "range": {
                              "__class__": "Pair",
                              "first": {
                                "__class__": "Location",
                                "value": 248
                              },
                              "second": {
                                "__class__": "Location",
                                "value": 248
                              }
                            }
                          },
                          "arguments": [],
                          "range": {
                            "__class__": "Pair",
                            "first": {
                              "__class__": "Location",
                              "value": 248
                            },
                            "second": {
                              "__class__": "Location",
                              "value": 250
                            }
                          }
                        },
                        "rhs": {
                          "__class__": "FunctionCall",
                          "function": {
                            "__class__": "VariableUse",
                            "identifier": "f",
                            "range": {
                              "__class__": "Pair",
                              "first": {
                                "__class__": "Location",
                                "value": 254
                              },
                              "second": {
                                "__class__": "Location",
                                "value": 254
                              }
                            }
                          },
                          "arguments": [
                            {
                              "__class__": "IntLiteral",
                              "value": 1,
                              "range": {
                                "__class__": "Pair",
                                "first": {
                                  "__class__": "Location",
                                  "value": 256
                                },
                                "second": {
                                  "__class__": "Location",
                                  "value": 256
                                }
                              }
                            }
                          ],
                          "range": {
                            "__class__": "Pair",
                            "first": {
                              "__class__": "Location",
                              "value": 254
                            },
                            "second": {
                              "__class__": "Location",
                              "value": 257
                            }
                          }
                        },
                        "range": {
                          "__class__": "Pair",
                          "first": {
                            "__class__": "Location",
                            "value": 248
                          },
                          "second": {
                            "__class__": "Location",
                            "value": 257
                          }
                        }
                      }
                    ],
                    "range": {
                      "__class__": "Pair",
                      "first": {
                        "__class__": "Location",
                        "value": 242
                      },
                      "second": {
                        "__class__": "Location",
                        "value": 258
                      }
                    }
                  },
                  {
                    "__class__": "Empty",
                    "range": {
                      "__class__": "Pair",
                      "first": {
                        "__class__": "Location",
                        "value": 260
                      },
                      "second": {
                        "__class__": "Location",
                        "value": 260
                      }
                    }
                  }
                ],
                "range": {
                  "__class__": "Pair",
                  "first": {
                    "__class__": "Location",
                    "value": 93
                  },
                  "second": {
                    "__class__": "Location",
                    "value": 261
                  }
                }
              },
              {
                "__class__": "Empty",
                "range": {
                  "__class__": "Pair",
                  "first": {
                    "__class__": "Location",
                    "value": 261
                  },
                  "second": {
                    "__class__": "Location",
                    "value": 261
                  }
                }
              }
            ],
            "range": {
              "__class__": "Pair",
              "first": {
                "__class__": "Location",
                "value": 35
              },
              "second": {
                "__class__": "Location",
                "value": 262
              }
            }
          },
          {
            "__class__": "Empty",
            "range": {
              "__class__": "Pair",
              "first": {
                "__class__": "Location",
                "value": 263
              },
              "second": {
                "__class__": "Location",
                "value": 263
              }
            }
          }
        ],
        "range": {
          "__class__": "Pair",
          "first": {
            "__class__": "Location",
            "value": 0
          },
          "second": {
            "__class__": "Location",
            "value": 263
          }
        }
      },
      "identifier": "\u003cprogram\u003e",
      "range": {
        "__class__": "Pair",
        "first": {
          "__class__": "Location",
          "value": -1
        },
        "second": {
          "__class__": "Location",
          "value": 263
        }
      }
    },
    {
      "__class__": "FunctionCall",
      "function": {
        "__class__": "VariableUse",
        "identifier": "\u003cprogram\u003e",
        "range": {
          "__class__": "Pair",
          "first": {
            "__class__": "Location",
            "value": 263
          },
          "second": {
            "__class__": "Location",
            "value": 263
          }
        }
      },
      "arguments": [],
      "range": {
        "__class__": "Pair",
        "first": {
          "__class__": "Location",
          "value": 263
        },
        "second": {
          "__class__": "Location",
          "value": 263
        }
      }
    }
  ],
  "range": {
    "__class__": "Pair",
    "first": {
      "__class__": "Location",
      "value": -1
    },
    "second": {
      "__class__": "Location",
      "value": 263
    }
  }
}