[
  {
    "__class__": "ReportedError",
    "message": {
      "__class__": "UnexpectedToken",
      "tokenName": "VARIABLE_IDENTIFIER",
      "symbolName": "LAMBDA_EXPRESSION"
    },
    "range": {
      "__class__": "Pair",
      "first": {
        "__class__": "Location",
        "value": 16
      },
      "second": {
        "__class__": "Location",
        "value": 16
      }
    }
  }
]