[
  {
    "__class__": "ReportedError",
    "message": {
      "__class__": "IdentifierNotFound",
      "identifier": "f"
    },
    "range": {
      "__class__": "Pair",
      "first": {
        "__class__": "Location",
        "value": 157
      },
      "second": {
        "__class__": "Location",
        "value": 157
      }
    }
  }
]