{
  "__class__": "Block",
  "expressions": [
    {
      "__class__": "ForeignFunctionDeclaration",
      "type": {
        "__class__": "Functional",
        "argumentsType": [
          {
            "__class__": "Basic",
            "identifier": "Int",
            "range": {
              "__class__": "Pair",
              "first": {
                "__class__": "Location",
                "value": -1
              },
              "second": {
                "__class__": "Location",
                "value": -1
              }
            }
          },
          {
            "__class__": "Basic",
            "identifier": "Int",
            "range": {
              "__class__": "Pair",
              "first": {
                "__class__": "Location",
                "value": -1
              },
              "second": {
                "__class__": "Location",
                "value": -1
              }
            }
          }
        ],
        "returnType": {
          "__class__": "Basic",
          "identifier": "Int",
          "range": {
            "__class__": "Pair",
            "first": {
              "__class__": "Location",
              "value": -1
            },
            "second": {
              "__class__": "Location",
              "value": -1
            }
          }
        },
        "range": {
          "__class__": "Pair",
          "first": {
            "__class__": "Location",
            "value": -1
          },
          "second": {
            "__class__": "Location",
            "value": -1
          }
        }
      },
      "returnType": {
        "__class__": "Basic",
        "identifier": "Int",
        "range": {
          "__class__": "Pair",
          "first": {
            "__class__": "Location",
            "value": -1
          },
          "second": {
            "__class__": "Location",
            "value": -1
          }
        }
      },
      "identifier": "alloc_struct",
      "range": {
        "__class__": "Pair",
        "first": {
          "__class__": "Location",
          "value": -1
        },
        "second": {
          "__class__": "Location",
          "value": -1
        }
      }
    },
    {
      "__class__": "FunctionDefinition",
      "arguments": [],
      "body": {
        "__class__": "Block",
        "expressions": [
          {
            "__class__": "Block",
            "expressions": [
              {
                "__class__": "FunctionDefinition",
                "arguments": [
                  {
                    "__class__": "FunctionArgument",
                    "type": {
                      "__class__": "Basic",
                      "identifier": "Bool",
                      "range": {
                        "__class__": "Pair",
                        "first": {
                          "__class__": "Location",
                          "value": 23
                        },
                        "second": {
                          "__class__": "Location",
                          "value": 26
                        }
                      }
                    },
                    "identifier": "is_red",
                    "range": {
                      "__class__": "Pair",
                      "first": {
                        "__class__": "Location",
                        "value": 15
                      },
                      "second": {
                        "__class__": "Location",
                        "value": 26
                      }
                    }
                  },
                  {
                    "__class__": "FunctionArgument",
                    "type": {
                      "__class__": "Basic",
                      "identifier": "Bool",
                      "range": {
                        "__class__": "Pair",
                        "first": {
                          "__class__": "Location",
                          "value": 41
                        },
                        "second": {
                          "__class__": "Location",
                          "value": 44
                        }
                      }
                    },
                    "identifier": "goes_vroom",
                    "range": {
                      "__class__": "Pair",
                      "first": {
                        "__class__": "Location",
                        "value": 29
                      },
                      "second": {
                        "__class__": "Location",
                        "value": 44
                      }
                    }
                  }
                ],
                "body": {
                  "__class__": "LogicalOr",
                  "lhs": {
                    "__class__": "VariableUse",
                    "identifier": "is_red",
                    "range": {
                      "__class__": "Pair",
                      "first": {
                        "__class__": "Location",
                        "value": 58
                      },
                      "second": {
                        "__class__": "Location",
                        "value": 63
                      }
                    }
                  },
                  "rhs": {
                    "__class__": "VariableUse",
                    "identifier": "goes_vroom",
                    "range": {
                      "__class__": "Pair",
                      "first": {
                        "__class__": "Location",
                        "value": 68
                      },
                      "second": {
                        "__class__": "Location",
                        "value": 77
                      }
                    }
                  },
                  "range": {
                    "__class__": "Pair",
                    "first": {
                      "__class__": "Location",
                      "value": 58
                    },
                    "second": {
                      "__class__": "Location",
                      "value": 77
                    }
                  }
                },
                "returnType": {
                  "__class__": "Basic",
                  "identifier": "Bool",
                  "range": {
                    "__class__": "Pair",
                    "first": {
                      "__class__": "Location",
                      "value": 50
                    },
                    "second": {
                      "__class__": "Location",
                      "value": 53
                    }
                  }
                },
                "identifier": "is_fast",
                "range": {
                  "__class__": "Pair",
                  "first": {
                    "__class__": "Location",
                    "value": 0
                  },
                  "second": {
                    "__class__": "Location",
                    "value": 77
                  }
                }
              },
              {
                "__class__": "FunctionCall",
                "function": {
                  "__class__": "VariableUse",
                  "identifier": "is_fast",
                  "range": {
                    "__class__": "Pair",
                    "first": {
                      "__class__": "Location",
                      "value": 80
                    },
                    "second": {
                      "__class__": "Location",
                      "value": 86
                    }
                  }
                },
                "arguments": [
                  {
                    "__class__": "Assignment",
                    "lhs": {
                      "__class__": "VariableUse",
                      "identifier": "goes_vroom",
                      "range": {
                        "__class__": "Pair",
                        "first": {
                          "__class__": "Location",
                          "value": 88
                        },
                        "second": {
                          "__class__": "Location",
                          "value": 97
                        }
                      }
                    },
                    "rhs": {
                      "__class__": "BoolLiteral",
                      "value": true,
                      "range": {
                        "__class__": "Pair",
                        "first": {
                          "__class__": "Location",
                          "value": 101
                        },
                        "second": {
                          "__class__": "Location",
                          "value": 104
                        }
                      }
                    },
                    "range": {
                      "__class__": "Pair",
                      "first": {
                        "__class__": "Location",
                        "value": 88
                      },
                      "second": {
                        "__class__": "Location",
                        "value": 104
                      }
                    }
                  },
                  {
                    "__class__": "Assignment",
                    "lhs": {
                      "__class__": "VariableUse",
                      "identifier": "is_red",
                      "range": {
                        "__class__": "Pair",
                        "first": {
                          "__class__": "Location",
                          "value": 107
                        },
                        "second": {
                          "__class__": "Location",
                          "value": 112
                        }
                      }
                    },
                    "rhs": {
                      "__class__": "BoolLiteral",
                      "value": true,
                      "range": {
                        "__class__": "Pair",
                        "first": {
                          "__class__": "Location",
                          "value": 116
                        },
                        "second": {
                          "__class__": "Location",
                          "value": 119
                        }
                      }
                    },
                    "range": {
                      "__class__": "Pair",
                      "first": {
                        "__class__": "Location",
                        "value": 107
                      },
                      "second": {
                        "__class__": "Location",
                        "value": 119
                      }
                    }
                  }
                ],
                "range": {
                  "__class__": "Pair",
                  "first": {
                    "__class__": "Location",
                    "value": 80
                  },
                  "second": {
                    "__class__": "Location",
                    "value": 120
                  }
                }
              },
              {
                "__class__": "Empty",
                "range": {
                  "__class__": "Pair",
                  "first": {
                    "__class__": "Location",
                    "value": 120
                  },
                  "second": {
                    "__class__": "Location",
                    "value": 120
                  }
                }
              }
            ],
            "range": {
              "__class__": "Pair",
              "first": {
                "__class__": "Location",
                "value": 0
              },
              "second": {
                "__class__": "Location",
                "value": 121
              }
            }
          },
          {
            "__class__": "ReturnStatement",
            "value": {
              "__class__": "IntLiteral",
              "value": 0,
              "range": {
                "__class__": "Pair",
                "first": {
                  "__class__": "Location",
                  "value": 122
                },
                "second": {
                  "__class__": "Location",
                  "value": 122
                }
              }
            },
            "range": {
              "__class__": "Pair",
              "first": {
                "__class__": "Location",
                "value": 122
              },
              "second": {
                "__class__": "Location",
                "value": 122
              }
            }
          }
        ],
        "range": {
          "__class__": "Pair",
          "first": {
            "__class__": "Location",
            "value": 0
          },
          "second": {
            "__class__": "Location",
            "value": 122
          }
        }
      },
      "type": {
        "__class__": "Functional",
        "argumentsType": [],
        "returnType": {
          "__class__": "Basic",
          "identifier": "Int",
          "range": {
            "__class__": "Pair",
            "first": {
              "__class__": "Location",
              "value": -1
            },
            "second": {
              "__class__": "Location",
              "value": -1
            }
          }
        },
        "range": {
          "__class__": "Pair",
          "first": {
            "__class__": "Location",
            "value": -1
          },
          "second": {
            "__class__": "Location",
            "value": -1
          }
        }
      },
      "returnType": {
        "__class__": "Basic",
        "identifier": "Int",
        "range": {
          "__class__": "Pair",
          "first": {
            "__class__": "Location",
            "value": -1
          },
          "second": {
            "__class__": "Location",
            "value": -1
          }
        }
      },
      "identifier": "\u003cprogram\u003e",
      "range": {
        "__class__": "Pair",
        "first": {
          "__class__": "Location",
          "value": -1
        },
        "second": {
          "__class__": "Location",
          "value": 122
        }
      }
    },
    {
      "__class__": "FunctionCall",
      "function": {
        "__class__": "VariableUse",
        "identifier": "\u003cprogram\u003e",
        "range": {
          "__class__": "Pair",
          "first": {
            "__class__": "Location",
            "value": 122
          },
          "second": {
            "__class__": "Location",
            "value": 122
          }
        }
      },
      "arguments": [],
      "range": {
        "__class__": "Pair",
        "first": {
          "__class__": "Location",
          "value": 122
        },
        "second": {
          "__class__": "Location",
          "value": 122
        }
      }
    }
  ],
  "range": {
    "__class__": "Pair",
    "first": {
      "__class__": "Location",
      "value": -1
    },
    "second": {
      "__class__": "Location",
      "value": 122
    }
  }
}