[
  {
    "__class__": "ReportedError",
    "message": {
      "__class__": "UnidentifiedIdentifier",
      "identifier": "is_even"
    },
    "range": {
      "__class__": "Pair",
      "first": {
        "__class__": "Location",
        "value": 114
      },
      "second": {
        "__class__": "Location",
        "value": 120
      }
    }
  }
]