[
  {
    "__class__": "ReportedError",
    "message": {
      "__class__": "UsingArgumentAsFunction",
      "identifier": "f"
    },
    "range": {
      "__class__": "Pair",
      "first": {
        "__class__": "Location",
        "value": 70
      },
      "second": {
        "__class__": "Location",
        "value": 70
      }
    }
  }
]