[
  {
    "__class__": "ReportedError",
    "message": {
      "__class__": "UnexpectedToken",
      "tokenName": "SEMICOLON",
      "symbolName": "STRUCT"
    },
    "range": {
      "__class__": "Pair",
      "first": {
        "__class__": "Location",
        "value": 9
      },
      "second": {
        "__class__": "Location",
        "value": 9
      }
    }
  }
]