{
  "__class__": "Block",
  "expressions": [
    {
      "__class__": "ForeignFunctionDeclaration",
      "type": {
        "__class__": "Functional",
        "argumentsType": [
          {
            "__class__": "Basic",
            "identifier": "Int",
            "range": {
              "__class__": "Pair",
              "first": {
                "__class__": "Location",
                "value": -1
              },
              "second": {
                "__class__": "Location",
                "value": -1
              }
            }
          },
          {
            "__class__": "Basic",
            "identifier": "Int",
            "range": {
              "__class__": "Pair",
              "first": {
                "__class__": "Location",
                "value": -1
              },
              "second": {
                "__class__": "Location",
                "value": -1
              }
            }
          }
        ],
        "returnType": {
          "__class__": "Basic",
          "identifier": "Int",
          "range": {
            "__class__": "Pair",
            "first": {
              "__class__": "Location",
              "value": -1
            },
            "second": {
              "__class__": "Location",
              "value": -1
            }
          }
        },
        "range": {
          "__class__": "Pair",
          "first": {
            "__class__": "Location",
            "value": -1
          },
          "second": {
            "__class__": "Location",
            "value": -1
          }
        }
      },
      "returnType": {
        "__class__": "Basic",
        "identifier": "Int",
        "range": {
          "__class__": "Pair",
          "first": {
            "__class__": "Location",
            "value": -1
          },
          "second": {
            "__class__": "Location",
            "value": -1
          }
        }
      },
      "identifier": "alloc_struct",
      "range": {
        "__class__": "Pair",
        "first": {
          "__class__": "Location",
          "value": -1
        },
        "second": {
          "__class__": "Location",
          "value": -1
        }
      }
    },
    {
      "__class__": "FunctionDefinition",
      "arguments": [],
      "body": {
        "__class__": "Block",
        "expressions": [
          {
            "__class__": "Block",
            "expressions": [
              {
                "__class__": "VariableDeclaration",
                "type": {
                  "__class__": "Functional",
                  "argumentsType": [
                    {
                      "__class__": "Basic",
                      "identifier": "Int",
                      "range": {
                        "__class__": "Pair",
                        "first": {
                          "__class__": "Location",
                          "value": 8
                        },
                        "second": {
                          "__class__": "Location",
                          "value": 10
                        }
                      }
                    }
                  ],
                  "returnType": {
                    "__class__": "Basic",
                    "identifier": "Int",
                    "range": {
                      "__class__": "Pair",
                      "first": {
                        "__class__": "Location",
                        "value": 16
                      },
                      "second": {
                        "__class__": "Location",
                        "value": 18
                      }
                    }
                  },
                  "range": {
                    "__class__": "Pair",
                    "first": {
                      "__class__": "Location",
                      "value": 7
                    },
                    "second": {
                      "__class__": "Location",
                      "value": 18
                    }
                  }
                },
                "value": {
                  "__class__": "Block",
                  "expressions": [
                    {
                      "__class__": "LambdaExpression",
                      "arguments": [
                        {
                          "__class__": "FunctionArgument",
                          "type": {
                            "__class__": "Basic",
                            "identifier": "Int",
                            "range": {
                              "__class__": "Pair",
                              "first": {
                                "__class__": "Location",
                                "value": 27
                              },
                              "second": {
                                "__class__": "Location",
                                "value": 29
                              }
                            }
                          },
                          "identifier": "x",
                          "range": {
                            "__class__": "Pair",
                            "first": {
                              "__class__": "Location",
                              "value": 24
                            },
                            "second": {
                              "__class__": "Location",
                              "value": 29
                            }
                          }
                        }
                      ],
                      "returnType": {
                        "__class__": "Basic",
                        "identifier": "Int",
                        "range": {
                          "__class__": "Pair",
                          "first": {
                            "__class__": "Location",
                            "value": 35
                          },
                          "second": {
                            "__class__": "Location",
                            "value": 37
                          }
                        }
                      },
                      "body": {
                        "__class__": "Addition",
                        "lhs": {
                          "__class__": "VariableUse",
                          "identifier": "x",
                          "range": {
                            "__class__": "Pair",
                            "first": {
                              "__class__": "Location",
                              "value": 42
                            },
                            "second": {
                              "__class__": "Location",
                              "value": 42
                            }
                          }
                        },
                        "rhs": {
                          "__class__": "IntLiteral",
                          "value": 1,
                          "range": {
                            "__class__": "Pair",
                            "first": {
                              "__class__": "Location",
                              "value": 44
                            },
                            "second": {
                              "__class__": "Location",
                              "value": 44
                            }
                          }
                        },
                        "range": {
                          "__class__": "Pair",
                          "first": {
                            "__class__": "Location",
                            "value": 42
                          },
                          "second": {
                            "__class__": "Location",
                            "value": 44
                          }
                        }
                      },
                      "range": {
                        "__class__": "Pair",
                        "first": {
                          "__class__": "Location",
                          "value": 23
                        },
                        "second": {
                          "__class__": "Location",
                          "value": 44
                        }
                      }
                    }
                  ],
                  "range": {
                    "__class__": "Pair",
                    "first": {
                      "__class__": "Location",
                      "value": 22
                    },
                    "second": {
                      "__class__": "Location",
                      "value": 45
                    }
                  }
                },
                "identifier": "f",
                "range": {
                  "__class__": "Pair",
                  "first": {
                    "__class__": "Location",
                    "value": 0
                  },
                  "second": {
                    "__class__": "Location",
                    "value": 45
                  }
                }
              },
              {
                "__class__": "Assignment",
                "lhs": {
                  "__class__": "VariableUse",
                  "identifier": "f",
                  "range": {
                    "__class__": "Pair",
                    "first": {
                      "__class__": "Location",
                      "value": 48
                    },
                    "second": {
                      "__class__": "Location",
                      "value": 48
                    }
                  }
                },
                "rhs": {
                  "__class__": "LambdaExpression",
                  "arguments": [],
                  "returnType": {
                    "__class__": "Basic",
                    "identifier": "Int",
                    "range": {
                      "__class__": "Pair",
                      "first": {
                        "__class__": "Location",
                        "value": 58
                      },
                      "second": {
                        "__class__": "Location",
                        "value": 60
                      }
                    }
                  },
                  "body": {
                    "__class__": "IntLiteral",
                    "value": 5,
                    "range": {
                      "__class__": "Pair",
                      "first": {
                        "__class__": "Location",
                        "value": 65
                      },
                      "second": {
                        "__class__": "Location",
                        "value": 65
                      }
                    }
                  },
                  "range": {
                    "__class__": "Pair",
                    "first": {
                      "__class__": "Location",
                      "value": 52
                    },
                    "second": {
                      "__class__": "Location",
                      "value": 65
                    }
                  }
                },
                "range": {
                  "__class__": "Pair",
                  "first": {
                    "__class__": "Location",
                    "value": 48
                  },
                  "second": {
                    "__class__": "Location",
                    "value": 65
                  }
                }
              },
              {
                "__class__": "Empty",
                "range": {
                  "__class__": "Pair",
                  "first": {
                    "__class__": "Location",
                    "value": 65
                  },
                  "second": {
                    "__class__": "Location",
                    "value": 65
                  }
                }
              }
            ],
            "range": {
              "__class__": "Pair",
              "first": {
                "__class__": "Location",
                "value": 0
              },
              "second": {
                "__class__": "Location",
                "value": 66
              }
            }
          },
          {
            "__class__": "ReturnStatement",
            "value": {
              "__class__": "IntLiteral",
              "value": 0,
              "range": {
                "__class__": "Pair",
                "first": {
                  "__class__": "Location",
                  "value": 67
                },
                "second": {
                  "__class__": "Location",
                  "value": 67
                }
              }
            },
            "range": {
              "__class__": "Pair",
              "first": {
                "__class__": "Location",
                "value": 67
              },
              "second": {
                "__class__": "Location",
                "value": 67
              }
            }
          }
        ],
        "range": {
          "__class__": "Pair",
          "first": {
            "__class__": "Location",
            "value": 0
          },
          "second": {
            "__class__": "Location",
            "value": 67
          }
        }
      },
      "type": {
        "__class__": "Functional",
        "argumentsType": [],
        "returnType": {
          "__class__": "Basic",
          "identifier": "Int",
          "range": {
            "__class__": "Pair",
            "first": {
              "__class__": "Location",
              "value": -1
            },
            "second": {
              "__class__": "Location",
              "value": -1
            }
          }
        },
        "range": {
          "__class__": "Pair",
          "first": {
            "__class__": "Location",
            "value": -1
          },
          "second": {
            "__class__": "Location",
            "value": -1
          }
        }
      },
      "returnType": {
        "__class__": "Basic",
        "identifier": "Int",
        "range": {
          "__class__": "Pair",
          "first": {
            "__class__": "Location",
            "value": -1
          },
          "second": {
            "__class__": "Location",
            "value": -1
          }
        }
      },
      "identifier": "\u003cprogram\u003e",
      "range": {
        "__class__": "Pair",
        "first": {
          "__class__": "Location",
          "value": -1
        },
        "second": {
          "__class__": "Location",
          "value": 67
        }
      }
    },
    {
      "__class__": "FunctionCall",
      "function": {
        "__class__": "VariableUse",
        "identifier": "\u003cprogram\u003e",
        "range": {
          "__class__": "Pair",
          "first": {
            "__class__": "Location",
            "value": 67
          },
          "second": {
            "__class__": "Location",
            "value": 67
          }
        }
      },
      "arguments": [],
      "range": {
        "__class__": "Pair",
        "first": {
          "__class__": "Location",
          "value": 67
        },
        "second": {
          "__class__": "Location",
          "value": 67
        }
      }
    }
  ],
  "range": {
    "__class__": "Pair",
    "first": {
      "__class__": "Location",
      "value": -1
    },
    "second": {
      "__class__": "Location",
      "value": 67
    }
  }
}