[
  {
    "__class__": "ReportedError",
    "message": {
      "__class__": "UnableToContinueParsing",
      "symbolName": "KEYWORD_ELSE"
    },
    "range": {
      "__class__": "Pair",
      "first": {
        "__class__": "Location",
        "value": 123
      },
      "second": {
        "__class__": "Location",
        "value": 126
      }
    }
  }
]