{
  "__class__": "LinkedHashMap",
  "(Location(value\u003d-1), Location(value\u003d100))": {
    "__class__": "AnalyzedFunction",
    "function": {
      "__class__": "FunctionDeclaration",
      "type": {
        "__class__": "Functional",
        "argumentsType": [],
        "returnType": {
          "__class__": "Basic",
          "identifier": "Unit",
          "range": {
            "__class__": "Pair",
            "first": {
              "__class__": "Location",
              "value": -1
            },
            "second": {
              "__class__": "Location",
              "value": -1
            }
          }
        },
        "range": {
          "__class__": "Pair",
          "first": {
            "__class__": "Location",
            "value": -1
          },
          "second": {
            "__class__": "Location",
            "value": -1
          }
        }
      },
      "arguments": [],
      "returnType": {
        "__class__": "Basic",
        "identifier": "Unit",
        "range": {
          "__class__": "Pair",
          "first": {
            "__class__": "Location",
            "value": -1
          },
          "second": {
            "__class__": "Location",
            "value": -1
          }
        }
      },
      "body": {
        "__class__": "Block",
        "expressions": [
          {
            "__class__": "Block",
            "expressions": [
              {
                "__class__": "VariableDeclaration",
                "type": {
                  "__class__": "Basic",
                  "identifier": "Int",
                  "range": {
                    "__class__": "Pair",
                    "first": {
                      "__class__": "Location",
                      "value": 7
                    },
                    "second": {
                      "__class__": "Location",
                      "value": 9
                    }
                  }
                },
                "value": {
                  "__class__": "IntLiteral",
                  "value": 42,
                  "range": {
                    "__class__": "Pair",
                    "first": {
                      "__class__": "Location",
                      "value": 13
                    },
                    "second": {
                      "__class__": "Location",
                      "value": 14
                    }
                  }
                },
                "identifier": "x",
                "range": {
                  "__class__": "Pair",
                  "first": {
                    "__class__": "Location",
                    "value": 0
                  },
                  "second": {
                    "__class__": "Location",
                    "value": 14
                  }
                }
              },
              {
                "__class__": "Assignment",
                "lhs": {
                  "__class__": "VariableUse",
                  "identifier": "x",
                  "range": {
                    "__class__": "Pair",
                    "first": {
                      "__class__": "Location",
                      "value": 17
                    },
                    "second": {
                      "__class__": "Location",
                      "value": 17
                    }
                  }
                },
                "rhs": {
                  "__class__": "VariableUse",
                  "identifier": "x",
                  "range": {
                    "__class__": "Pair",
                    "first": {
                      "__class__": "Location",
                      "value": 21
                    },
                    "second": {
                      "__class__": "Location",
                      "value": 21
                    }
                  }
                },
                "range": {
                  "__class__": "Pair",
                  "first": {
                    "__class__": "Location",
                    "value": 17
                  },
                  "second": {
                    "__class__": "Location",
                    "value": 21
                  }
                }
              },
              {
                "__class__": "Block",
                "expressions": [
                  {
                    "__class__": "VariableDeclaration",
                    "type": {
                      "__class__": "Basic",
                      "identifier": "Int",
                      "range": {
                        "__class__": "Pair",
                        "first": {
                          "__class__": "Location",
                          "value": 38
                        },
                        "second": {
                          "__class__": "Location",
                          "value": 40
                        }
                      }
                    },
                    "value": {
                      "__class__": "IntLiteral",
                      "value": 0,
                      "range": {
                        "__class__": "Pair",
                        "first": {
                          "__class__": "Location",
                          "value": 44
                        },
                        "second": {
                          "__class__": "Location",
                          "value": 44
                        }
                      }
                    },
                    "identifier": "y",
                    "range": {
                      "__class__": "Pair",
                      "first": {
                        "__class__": "Location",
                        "value": 31
                      },
                      "second": {
                        "__class__": "Location",
                        "value": 44
                      }
                    }
                  },
                  {
                    "__class__": "Assignment",
                    "lhs": {
                      "__class__": "VariableUse",
                      "identifier": "x",
                      "range": {
                        "__class__": "Pair",
                        "first": {
                          "__class__": "Location",
                          "value": 51
                        },
                        "second": {
                          "__class__": "Location",
                          "value": 51
                        }
                      }
                    },
                    "rhs": {
                      "__class__": "VariableUse",
                      "identifier": "y",
                      "range": {
                        "__class__": "Pair",
                        "first": {
                          "__class__": "Location",
                          "value": 55
                        },
                        "second": {
                          "__class__": "Location",
                          "value": 55
                        }
                      }
                    },
                    "range": {
                      "__class__": "Pair",
                      "first": {
                        "__class__": "Location",
                        "value": 51
                      },
                      "second": {
                        "__class__": "Location",
                        "value": 55
                      }
                    }
                  },
                  {
                    "__class__": "Empty",
                    "range": {
                      "__class__": "Pair",
                      "first": {
                        "__class__": "Location",
                        "value": 57
                      },
                      "second": {
                        "__class__": "Location",
                        "value": 57
                      }
                    }
                  }
                ],
                "range": {
                  "__class__": "Pair",
                  "first": {
                    "__class__": "Location",
                    "value": 25
                  },
                  "second": {
                    "__class__": "Location",
                    "value": 58
                  }
                }
              },
              {
                "__class__": "AdditionAssignment",
                "lhs": {
                  "__class__": "VariableUse",
                  "identifier": "x",
                  "range": {
                    "__class__": "Pair",
                    "first": {
                      "__class__": "Location",
                      "value": 94
                    },
                    "second": {
                      "__class__": "Location",
                      "value": 94
                    }
                  }
                },
                "rhs": {
                  "__class__": "IntLiteral",
                  "value": 1,
                  "range": {
                    "__class__": "Pair",
                    "first": {
                      "__class__": "Location",
                      "value": 99
                    },
                    "second": {
                      "__class__": "Location",
                      "value": 99
                    }
                  }
                },
                "range": {
                  "__class__": "Pair",
                  "first": {
                    "__class__": "Location",
                    "value": 94
                  },
                  "second": {
                    "__class__": "Location",
                    "value": 99
                  }
                }
              }
            ],
            "range": {
              "__class__": "Pair",
              "first": {
                "__class__": "Location",
                "value": 0
              },
              "second": {
                "__class__": "Location",
                "value": 99
              }
            }
          },
          {
            "__class__": "Empty",
            "range": {
              "__class__": "Pair",
              "first": {
                "__class__": "Location",
                "value": 100
              },
              "second": {
                "__class__": "Location",
                "value": 100
              }
            }
          }
        ],
        "range": {
          "__class__": "Pair",
          "first": {
            "__class__": "Location",
            "value": 0
          },
          "second": {
            "__class__": "Location",
            "value": 100
          }
        }
      },
      "identifier": "\u003cprogram\u003e",
      "range": {
        "__class__": "Pair",
        "first": {
          "__class__": "Location",
          "value": -1
        },
        "second": {
          "__class__": "Location",
          "value": 100
        }
      }
    },
    "variables": [
      {
        "__class__": "AnalyzedVariable",
        "declaration": {
          "__class__": "VariableDeclaration",
          "type": {
            "__class__": "Basic",
            "identifier": "Int",
            "range": {
              "__class__": "Pair",
              "first": {
                "__class__": "Location",
                "value": 7
              },
              "second": {
                "__class__": "Location",
                "value": 9
              }
            }
          },
          "value": {
            "__class__": "IntLiteral",
            "value": 42,
            "range": {
              "__class__": "Pair",
              "first": {
                "__class__": "Location",
                "value": 13
              },
              "second": {
                "__class__": "Location",
                "value": 14
              }
            }
          },
          "identifier": "x",
          "range": {
            "__class__": "Pair",
            "first": {
              "__class__": "Location",
              "value": 0
            },
            "second": {
              "__class__": "Location",
              "value": 14
            }
          }
        },
        "definedIn": {
          "__class__": "FunctionDeclaration",
          "type": {
            "__class__": "Functional",
            "argumentsType": [],
            "returnType": {
              "__class__": "Basic",
              "identifier": "Unit",
              "range": {
                "__class__": "Pair",
                "first": {
                  "__class__": "Location",
                  "value": -1
                },
                "second": {
                  "__class__": "Location",
                  "value": -1
                }
              }
            },
            "range": {
              "__class__": "Pair",
              "first": {
                "__class__": "Location",
                "value": -1
              },
              "second": {
                "__class__": "Location",
                "value": -1
              }
            }
          },
          "arguments": [],
          "returnType": {
            "__class__": "Basic",
            "identifier": "Unit",
            "range": {
              "__class__": "Pair",
              "first": {
                "__class__": "Location",
                "value": -1
              },
              "second": {
                "__class__": "Location",
                "value": -1
              }
            }
          },
          "body": {
            "__class__": "Block",
            "expressions": [
              {
                "__class__": "Block",
                "expressions": [
                  {
                    "__class__": "VariableDeclaration",
                    "type": {
                      "__class__": "Basic",
                      "identifier": "Int",
                      "range": {
                        "__class__": "Pair",
                        "first": {
                          "__class__": "Location",
                          "value": 7
                        },
                        "second": {
                          "__class__": "Location",
                          "value": 9
                        }
                      }
                    },
                    "value": {
                      "__class__": "IntLiteral",
                      "value": 42,
                      "range": {
                        "__class__": "Pair",
                        "first": {
                          "__class__": "Location",
                          "value": 13
                        },
                        "second": {
                          "__class__": "Location",
                          "value": 14
                        }
                      }
                    },
                    "identifier": "x",
                    "range": {
                      "__class__": "Pair",
                      "first": {
                        "__class__": "Location",
                        "value": 0
                      },
                      "second": {
                        "__class__": "Location",
                        "value": 14
                      }
                    }
                  },
                  {
                    "__class__": "Assignment",
                    "lhs": {
                      "__class__": "VariableUse",
                      "identifier": "x",
                      "range": {
                        "__class__": "Pair",
                        "first": {
                          "__class__": "Location",
                          "value": 17
                        },
                        "second": {
                          "__class__": "Location",
                          "value": 17
                        }
                      }
                    },
                    "rhs": {
                      "__class__": "VariableUse",
                      "identifier": "x",
                      "range": {
                        "__class__": "Pair",
                        "first": {
                          "__class__": "Location",
                          "value": 21
                        },
                        "second": {
                          "__class__": "Location",
                          "value": 21
                        }
                      }
                    },
                    "range": {
                      "__class__": "Pair",
                      "first": {
                        "__class__": "Location",
                        "value": 17
                      },
                      "second": {
                        "__class__": "Location",
                        "value": 21
                      }
                    }
                  },
                  {
                    "__class__": "Block",
                    "expressions": [
                      {
                        "__class__": "VariableDeclaration",
                        "type": {
                          "__class__": "Basic",
                          "identifier": "Int",
                          "range": {
                            "__class__": "Pair",
                            "first": {
                              "__class__": "Location",
                              "value": 38
                            },
                            "second": {
                              "__class__": "Location",
                              "value": 40
                            }
                          }
                        },
                        "value": {
                          "__class__": "IntLiteral",
                          "value": 0,
                          "range": {
                            "__class__": "Pair",
                            "first": {
                              "__class__": "Location",
                              "value": 44
                            },
                            "second": {
                              "__class__": "Location",
                              "value": 44
                            }
                          }
                        },
                        "identifier": "y",
                        "range": {
                          "__class__": "Pair",
                          "first": {
                            "__class__": "Location",
                            "value": 31
                          },
                          "second": {
                            "__class__": "Location",
                            "value": 44
                          }
                        }
                      },
                      {
                        "__class__": "Assignment",
                        "lhs": {
                          "__class__": "VariableUse",
                          "identifier": "x",
                          "range": {
                            "__class__": "Pair",
                            "first": {
                              "__class__": "Location",
                              "value": 51
                            },
                            "second": {
                              "__class__": "Location",
                              "value": 51
                            }
                          }
                        },
                        "rhs": {
                          "__class__": "VariableUse",
                          "identifier": "y",
                          "range": {
                            "__class__": "Pair",
                            "first": {
                              "__class__": "Location",
                              "value": 55
                            },
                            "second": {
                              "__class__": "Location",
                              "value": 55
                            }
                          }
                        },
                        "range": {
                          "__class__": "Pair",
                          "first": {
                            "__class__": "Location",
                            "value": 51
                          },
                          "second": {
                            "__class__": "Location",
                            "value": 55
                          }
                        }
                      },
                      {
                        "__class__": "Empty",
                        "range": {
                          "__class__": "Pair",
                          "first": {
                            "__class__": "Location",
                            "value": 57
                          },
                          "second": {
                            "__class__": "Location",
                            "value": 57
                          }
                        }
                      }
                    ],
                    "range": {
                      "__class__": "Pair",
                      "first": {
                        "__class__": "Location",
                        "value": 25
                      },
                      "second": {
                        "__class__": "Location",
                        "value": 58
                      }
                    }
                  },
                  {
                    "__class__": "AdditionAssignment",
                    "lhs": {
                      "__class__": "VariableUse",
                      "identifier": "x",
                      "range": {
                        "__class__": "Pair",
                        "first": {
                          "__class__": "Location",
                          "value": 94
                        },
                        "second": {
                          "__class__": "Location",
                          "value": 94
                        }
                      }
                    },
                    "rhs": {
                      "__class__": "IntLiteral",
                      "value": 1,
                      "range": {
                        "__class__": "Pair",
                        "first": {
                          "__class__": "Location",
                          "value": 99
                        },
                        "second": {
                          "__class__": "Location",
                          "value": 99
                        }
                      }
                    },
                    "range": {
                      "__class__": "Pair",
                      "first": {
                        "__class__": "Location",
                        "value": 94
                      },
                      "second": {
                        "__class__": "Location",
                        "value": 99
                      }
                    }
                  }
                ],
                "range": {
                  "__class__": "Pair",
                  "first": {
                    "__class__": "Location",
                    "value": 0
                  },
                  "second": {
                    "__class__": "Location",
                    "value": 99
                  }
                }
              },
              {
                "__class__": "Empty",
                "range": {
                  "__class__": "Pair",
                  "first": {
                    "__class__": "Location",
                    "value": 100
                  },
                  "second": {
                    "__class__": "Location",
                    "value": 100
                  }
                }
              }
            ],
            "range": {
              "__class__": "Pair",
              "first": {
                "__class__": "Location",
                "value": 0
              },
              "second": {
                "__class__": "Location",
                "value": 100
              }
            }
          },
          "identifier": "\u003cprogram\u003e",
          "range": {
            "__class__": "Pair",
            "first": {
              "__class__": "Location",
              "value": -1
            },
            "second": {
              "__class__": "Location",
              "value": 100
            }
          }
        },
        "useType": "READ_WRITE"
      },
      {
        "__class__": "AnalyzedVariable",
        "declaration": {
          "__class__": "VariableDeclaration",
          "type": {
            "__class__": "Basic",
            "identifier": "Int",
            "range": {
              "__class__": "Pair",
              "first": {
                "__class__": "Location",
                "value": 38
              },
              "second": {
                "__class__": "Location",
                "value": 40
              }
            }
          },
          "value": {
            "__class__": "IntLiteral",
            "value": 0,
            "range": {
              "__class__": "Pair",
              "first": {
                "__class__": "Location",
                "value": 44
              },
              "second": {
                "__class__": "Location",
                "value": 44
              }
            }
          },
          "identifier": "y",
          "range": {
            "__class__": "Pair",
            "first": {
              "__class__": "Location",
              "value": 31
            },
            "second": {
              "__class__": "Location",
              "value": 44
            }
          }
        },
        "definedIn": {
          "__class__": "FunctionDeclaration",
          "type": {
            "__class__": "Functional",
            "argumentsType": [],
            "returnType": {
              "__class__": "Basic",
              "identifier": "Unit",
              "range": {
                "__class__": "Pair",
                "first": {
                  "__class__": "Location",
                  "value": -1
                },
                "second": {
                  "__class__": "Location",
                  "value": -1
                }
              }
            },
            "range": {
              "__class__": "Pair",
              "first": {
                "__class__": "Location",
                "value": -1
              },
              "second": {
                "__class__": "Location",
                "value": -1
              }
            }
          },
          "arguments": [],
          "returnType": {
            "__class__": "Basic",
            "identifier": "Unit",
            "range": {
              "__class__": "Pair",
              "first": {
                "__class__": "Location",
                "value": -1
              },
              "second": {
                "__class__": "Location",
                "value": -1
              }
            }
          },
          "body": {
            "__class__": "Block",
            "expressions": [
              {
                "__class__": "Block",
                "expressions": [
                  {
                    "__class__": "VariableDeclaration",
                    "type": {
                      "__class__": "Basic",
                      "identifier": "Int",
                      "range": {
                        "__class__": "Pair",
                        "first": {
                          "__class__": "Location",
                          "value": 7
                        },
                        "second": {
                          "__class__": "Location",
                          "value": 9
                        }
                      }
                    },
                    "value": {
                      "__class__": "IntLiteral",
                      "value": 42,
                      "range": {
                        "__class__": "Pair",
                        "first": {
                          "__class__": "Location",
                          "value": 13
                        },
                        "second": {
                          "__class__": "Location",
                          "value": 14
                        }
                      }
                    },
                    "identifier": "x",
                    "range": {
                      "__class__": "Pair",
                      "first": {
                        "__class__": "Location",
                        "value": 0
                      },
                      "second": {
                        "__class__": "Location",
                        "value": 14
                      }
                    }
                  },
                  {
                    "__class__": "Assignment",
                    "lhs": {
                      "__class__": "VariableUse",
                      "identifier": "x",
                      "range": {
                        "__class__": "Pair",
                        "first": {
                          "__class__": "Location",
                          "value": 17
                        },
                        "second": {
                          "__class__": "Location",
                          "value": 17
                        }
                      }
                    },
                    "rhs": {
                      "__class__": "VariableUse",
                      "identifier": "x",
                      "range": {
                        "__class__": "Pair",
                        "first": {
                          "__class__": "Location",
                          "value": 21
                        },
                        "second": {
                          "__class__": "Location",
                          "value": 21
                        }
                      }
                    },
                    "range": {
                      "__class__": "Pair",
                      "first": {
                        "__class__": "Location",
                        "value": 17
                      },
                      "second": {
                        "__class__": "Location",
                        "value": 21
                      }
                    }
                  },
                  {
                    "__class__": "Block",
                    "expressions": [
                      {
                        "__class__": "VariableDeclaration",
                        "type": {
                          "__class__": "Basic",
                          "identifier": "Int",
                          "range": {
                            "__class__": "Pair",
                            "first": {
                              "__class__": "Location",
                              "value": 38
                            },
                            "second": {
                              "__class__": "Location",
                              "value": 40
                            }
                          }
                        },
                        "value": {
                          "__class__": "IntLiteral",
                          "value": 0,
                          "range": {
                            "__class__": "Pair",
                            "first": {
                              "__class__": "Location",
                              "value": 44
                            },
                            "second": {
                              "__class__": "Location",
                              "value": 44
                            }
                          }
                        },
                        "identifier": "y",
                        "range": {
                          "__class__": "Pair",
                          "first": {
                            "__class__": "Location",
                            "value": 31
                          },
                          "second": {
                            "__class__": "Location",
                            "value": 44
                          }
                        }
                      },
                      {
                        "__class__": "Assignment",
                        "lhs": {
                          "__class__": "VariableUse",
                          "identifier": "x",
                          "range": {
                            "__class__": "Pair",
                            "first": {
                              "__class__": "Location",
                              "value": 51
                            },
                            "second": {
                              "__class__": "Location",
                              "value": 51
                            }
                          }
                        },
                        "rhs": {
                          "__class__": "VariableUse",
                          "identifier": "y",
                          "range": {
                            "__class__": "Pair",
                            "first": {
                              "__class__": "Location",
                              "value": 55
                            },
                            "second": {
                              "__class__": "Location",
                              "value": 55
                            }
                          }
                        },
                        "range": {
                          "__class__": "Pair",
                          "first": {
                            "__class__": "Location",
                            "value": 51
                          },
                          "second": {
                            "__class__": "Location",
                            "value": 55
                          }
                        }
                      },
                      {
                        "__class__": "Empty",
                        "range": {
                          "__class__": "Pair",
                          "first": {
                            "__class__": "Location",
                            "value": 57
                          },
                          "second": {
                            "__class__": "Location",
                            "value": 57
                          }
                        }
                      }
                    ],
                    "range": {
                      "__class__": "Pair",
                      "first": {
                        "__class__": "Location",
                        "value": 25
                      },
                      "second": {
                        "__class__": "Location",
                        "value": 58
                      }
                    }
                  },
                  {
                    "__class__": "AdditionAssignment",
                    "lhs": {
                      "__class__": "VariableUse",
                      "identifier": "x",
                      "range": {
                        "__class__": "Pair",
                        "first": {
                          "__class__": "Location",
                          "value": 94
                        },
                        "second": {
                          "__class__": "Location",
                          "value": 94
                        }
                      }
                    },
                    "rhs": {
                      "__class__": "IntLiteral",
                      "value": 1,
                      "range": {
                        "__class__": "Pair",
                        "first": {
                          "__class__": "Location",
                          "value": 99
                        },
                        "second": {
                          "__class__": "Location",
                          "value": 99
                        }
                      }
                    },
                    "range": {
                      "__class__": "Pair",
                      "first": {
                        "__class__": "Location",
                        "value": 94
                      },
                      "second": {
                        "__class__": "Location",
                        "value": 99
                      }
                    }
                  }
                ],
                "range": {
                  "__class__": "Pair",
                  "first": {
                    "__class__": "Location",
                    "value": 0
                  },
                  "second": {
                    "__class__": "Location",
                    "value": 99
                  }
                }
              },
              {
                "__class__": "Empty",
                "range": {
                  "__class__": "Pair",
                  "first": {
                    "__class__": "Location",
                    "value": 100
                  },
                  "second": {
                    "__class__": "Location",
                    "value": 100
                  }
                }
              }
            ],
            "range": {
              "__class__": "Pair",
              "first": {
                "__class__": "Location",
                "value": 0
              },
              "second": {
                "__class__": "Location",
                "value": 100
              }
            }
          },
          "identifier": "\u003cprogram\u003e",
          "range": {
            "__class__": "Pair",
            "first": {
              "__class__": "Location",
              "value": -1
            },
            "second": {
              "__class__": "Location",
              "value": 100
            }
          }
        },
        "useType": "READ"
      }
    ],
    "auxVariables": [],
    "staticDepth": 0,
    "variablesUsedInNestedFunctions": []
  }
}