{
  "__class__": "LinkedHashMap",
  "(Location(value\u003d0), Location(value\u003d45))": {
    "__class__": "AnalyzedFunction",
    "variables": [],
    "auxVariables": [],
    "staticDepth": 0,
    "variablesUsedInNestedFunctions": []
  },
  "(Location(value\u003d163), Location(value\u003d267))": {
    "__class__": "AnalyzedFunction",
    "variables": [],
    "auxVariables": [],
    "staticDepth": 0,
    "variablesUsedInNestedFunctions": []
  },
  "(Location(value\u003d352), Location(value\u003d395))": {
    "__class__": "AnalyzedFunction",
    "variables": [],
    "auxVariables": [],
    "staticDepth": 0,
    "variablesUsedInNestedFunctions": []
  },
  "(Location(value\u003d618), Location(value\u003d649))": {
    "__class__": "AnalyzedFunction",
    "variables": [],
    "auxVariables": [],
    "staticDepth": 0,
    "variablesUsedInNestedFunctions": []
  },
  "(Location(value\u003d730), Location(value\u003d759))": {
    "__class__": "AnalyzedFunction",
    "variables": [],
    "auxVariables": [],
    "staticDepth": 0,
    "variablesUsedInNestedFunctions": []
  },
  "(Location(value\u003d789), Location(value\u003d846))": {
    "__class__": "AnalyzedFunction",
    "variables": [],
    "auxVariables": [],
    "staticDepth": 0,
    "variablesUsedInNestedFunctions": []
  }
}