{
  "__class__": "Block",
  "expressions": [
    {
      "__class__": "FunctionDeclaration",
      "type": {
        "__class__": "Functional",
        "argumentsType": [],
        "returnType": {
          "__class__": "Basic",
          "identifier": "Int",
          "range": {
            "__class__": "Pair",
            "first": {
              "__class__": "Location",
              "value": -1
            },
            "second": {
              "__class__": "Location",
              "value": -1
            }
          }
        },
        "range": {
          "__class__": "Pair",
          "first": {
            "__class__": "Location",
            "value": -1
          },
          "second": {
            "__class__": "Location",
            "value": -1
          }
        }
      },
      "arguments": [],
      "returnType": {
        "__class__": "Basic",
        "identifier": "Int",
        "range": {
          "__class__": "Pair",
          "first": {
            "__class__": "Location",
            "value": -1
          },
          "second": {
            "__class__": "Location",
            "value": -1
          }
        }
      },
      "body": {
        "__class__": "Block",
        "expressions": [
          {
            "__class__": "Block",
            "expressions": [
              {
                "__class__": "VariableDeclaration",
                "type": {
                  "__class__": "Basic",
                  "identifier": "Bool",
                  "range": {
                    "__class__": "Pair",
                    "first": {
                      "__class__": "Location",
                      "value": 7
                    },
                    "second": {
                      "__class__": "Location",
                      "value": 10
                    }
                  }
                },
                "value": {
                  "__class__": "IfElseStatement",
                  "testExpression": {
                    "__class__": "BoolLiteral",
                    "value": false,
                    "range": {
                      "__class__": "Pair",
                      "first": {
                        "__class__": "Location",
                        "value": 20
                      },
                      "second": {
                        "__class__": "Location",
                        "value": 24
                      }
                    }
                  },
                  "doExpression": {
                    "__class__": "BoolLiteral",
                    "value": true,
                    "range": {
                      "__class__": "Pair",
                      "first": {
                        "__class__": "Location",
                        "value": 36
                      },
                      "second": {
                        "__class__": "Location",
                        "value": 39
                      }
                    }
                  },
                  "elseExpression": {
                    "__class__": "BoolLiteral",
                    "value": false,
                    "range": {
                      "__class__": "Pair",
                      "first": {
                        "__class__": "Location",
                        "value": 52
                      },
                      "second": {
                        "__class__": "Location",
                        "value": 56
                      }
                    }
                  },
                  "range": {
                    "__class__": "Pair",
                    "first": {
                      "__class__": "Location",
                      "value": 17
                    },
                    "second": {
                      "__class__": "Location",
                      "value": 56
                    }
                  }
                },
                "identifier": "x",
                "range": {
                  "__class__": "Pair",
                  "first": {
                    "__class__": "Location",
                    "value": 0
                  },
                  "second": {
                    "__class__": "Location",
                    "value": 56
                  }
                }
              },
              {
                "__class__": "Empty",
                "range": {
                  "__class__": "Pair",
                  "first": {
                    "__class__": "Location",
                    "value": 56
                  },
                  "second": {
                    "__class__": "Location",
                    "value": 56
                  }
                }
              }
            ],
            "range": {
              "__class__": "Pair",
              "first": {
                "__class__": "Location",
                "value": 0
              },
              "second": {
                "__class__": "Location",
                "value": 57
              }
            }
          },
          {
            "__class__": "ReturnStatement",
            "value": {
              "__class__": "IntLiteral",
              "value": 0,
              "range": {
                "__class__": "Pair",
                "first": {
                  "__class__": "Location",
                  "value": 58
                },
                "second": {
                  "__class__": "Location",
                  "value": 58
                }
              }
            },
            "range": {
              "__class__": "Pair",
              "first": {
                "__class__": "Location",
                "value": 58
              },
              "second": {
                "__class__": "Location",
                "value": 58
              }
            }
          }
        ],
        "range": {
          "__class__": "Pair",
          "first": {
            "__class__": "Location",
            "value": 0
          },
          "second": {
            "__class__": "Location",
            "value": 58
          }
        }
      },
      "identifier": "\u003cprogram\u003e",
      "range": {
        "__class__": "Pair",
        "first": {
          "__class__": "Location",
          "value": -1
        },
        "second": {
          "__class__": "Location",
          "value": 58
        }
      }
    },
    {
      "__class__": "FunctionCall",
      "function": {
        "__class__": "VariableUse",
        "identifier": "\u003cprogram\u003e",
        "range": {
          "__class__": "Pair",
          "first": {
            "__class__": "Location",
            "value": 58
          },
          "second": {
            "__class__": "Location",
            "value": 58
          }
        }
      },
      "arguments": [],
      "range": {
        "__class__": "Pair",
        "first": {
          "__class__": "Location",
          "value": 58
        },
        "second": {
          "__class__": "Location",
          "value": 58
        }
      }
    }
  ],
  "range": {
    "__class__": "Pair",
    "first": {
      "__class__": "Location",
      "value": -1
    },
    "second": {
      "__class__": "Location",
      "value": 58
    }
  }
}