{
  "__class__": "LinkedHashMap",
  "(Location(value\u003d-1), Location(value\u003d34))": {
    "__class__": "AnalyzedFunction",
    "function": {
      "__class__": "FunctionDeclaration",
      "type": {
        "__class__": "Functional",
        "argumentsType": [],
        "returnType": {
          "__class__": "Basic",
          "identifier": "Int",
          "range": {
            "__class__": "Pair",
            "first": {
              "__class__": "Location",
              "value": -1
            },
            "second": {
              "__class__": "Location",
              "value": -1
            }
          }
        },
        "range": {
          "__class__": "Pair",
          "first": {
            "__class__": "Location",
            "value": -1
          },
          "second": {
            "__class__": "Location",
            "value": -1
          }
        }
      },
      "arguments": [],
      "returnType": {
        "__class__": "Basic",
        "identifier": "Int",
        "range": {
          "__class__": "Pair",
          "first": {
            "__class__": "Location",
            "value": -1
          },
          "second": {
            "__class__": "Location",
            "value": -1
          }
        }
      },
      "body": {
        "__class__": "Block",
        "expressions": [
          {
            "__class__": "Block",
            "expressions": [
              {
                "__class__": "IfElseStatement",
                "testExpression": {
                  "__class__": "BoolLiteral",
                  "value": true,
                  "range": {
                    "__class__": "Pair",
                    "first": {
                      "__class__": "Location",
                      "value": 3
                    },
                    "second": {
                      "__class__": "Location",
                      "value": 6
                    }
                  }
                },
                "doExpression": {
                  "__class__": "BoolLiteral",
                  "value": false,
                  "range": {
                    "__class__": "Pair",
                    "first": {
                      "__class__": "Location",
                      "value": 15
                    },
                    "second": {
                      "__class__": "Location",
                      "value": 19
                    }
                  }
                },
                "elseExpression": {
                  "__class__": "BoolLiteral",
                  "value": true,
                  "range": {
                    "__class__": "Pair",
                    "first": {
                      "__class__": "Location",
                      "value": 29
                    },
                    "second": {
                      "__class__": "Location",
                      "value": 32
                    }
                  }
                },
                "range": {
                  "__class__": "Pair",
                  "first": {
                    "__class__": "Location",
                    "value": 0
                  },
                  "second": {
                    "__class__": "Location",
                    "value": 32
                  }
                }
              },
              {
                "__class__": "Empty",
                "range": {
                  "__class__": "Pair",
                  "first": {
                    "__class__": "Location",
                    "value": 32
                  },
                  "second": {
                    "__class__": "Location",
                    "value": 32
                  }
                }
              }
            ],
            "range": {
              "__class__": "Pair",
              "first": {
                "__class__": "Location",
                "value": 0
              },
              "second": {
                "__class__": "Location",
                "value": 33
              }
            }
          },
          {
            "__class__": "ReturnStatement",
            "value": {
              "__class__": "IntLiteral",
              "value": 0,
              "range": {
                "__class__": "Pair",
                "first": {
                  "__class__": "Location",
                  "value": 34
                },
                "second": {
                  "__class__": "Location",
                  "value": 34
                }
              }
            },
            "range": {
              "__class__": "Pair",
              "first": {
                "__class__": "Location",
                "value": 34
              },
              "second": {
                "__class__": "Location",
                "value": 34
              }
            }
          }
        ],
        "range": {
          "__class__": "Pair",
          "first": {
            "__class__": "Location",
            "value": 0
          },
          "second": {
            "__class__": "Location",
            "value": 34
          }
        }
      },
      "identifier": "\u003cprogram\u003e",
      "range": {
        "__class__": "Pair",
        "first": {
          "__class__": "Location",
          "value": -1
        },
        "second": {
          "__class__": "Location",
          "value": 34
        }
      }
    },
    "variables": [],
    "auxVariables": [],
    "staticDepth": 0,
    "variablesUsedInNestedFunctions": []
  }
}