{
  "__class__": "ExampleResult",
  "AST": {
    "__class__": "Block",
    "expressions": [
      {
        "__class__": "FunctionDeclaration",
        "arguments": [
          {
            "__class__": "FunctionArgument",
            "type": {
              "__class__": "Basic",
              "identifier": "Int",
              "range": {
                "__class__": "Pair",
                "first": {
                  "__class__": "Location",
                  "value": 18
                },
                "second": {
                  "__class__": "Location",
                  "value": 20
                }
              }
            },
            "identifier": "x",
            "range": {
              "__class__": "Pair",
              "first": {
                "__class__": "Location",
                "value": 15
              },
              "second": {
                "__class__": "Location",
                "value": 20
              }
            }
          }
        ],
        "returnType": {
          "__class__": "Basic",
          "identifier": "Bool",
          "range": {
            "__class__": "Pair",
            "first": {
              "__class__": "Location",
              "value": 26
            },
            "second": {
              "__class__": "Location",
              "value": 29
            }
          }
        },
        "body": {
          "__class__": "Block",
          "expressions": [
            {
              "__class__": "FunctionDeclaration",
              "arguments": [
                {
                  "__class__": "FunctionArgument",
                  "type": {
                    "__class__": "Basic",
                    "identifier": "Int",
                    "range": {
                      "__class__": "Pair",
                      "first": {
                        "__class__": "Location",
                        "value": 57
                      },
                      "second": {
                        "__class__": "Location",
                        "value": 59
                      }
                    }
                  },
                  "identifier": "x",
                  "range": {
                    "__class__": "Pair",
                    "first": {
                      "__class__": "Location",
                      "value": 54
                    },
                    "second": {
                      "__class__": "Location",
                      "value": 59
                    }
                  }
                }
              ],
              "returnType": {
                "__class__": "Basic",
                "identifier": "Bool",
                "range": {
                  "__class__": "Pair",
                  "first": {
                    "__class__": "Location",
                    "value": 65
                  },
                  "second": {
                    "__class__": "Location",
                    "value": 68
                  }
                }
              },
              "body": {
                "__class__": "Block",
                "expressions": [
                  {
                    "__class__": "IfElseStatement",
                    "testExpression": {
                      "__class__": "Equals",
                      "lhs": {
                        "__class__": "VariableUse",
                        "identifier": "x",
                        "range": {
                          "__class__": "Pair",
                          "first": {
                            "__class__": "Location",
                            "value": 86
                          },
                          "second": {
                            "__class__": "Location",
                            "value": 86
                          }
                        }
                      },
                      "rhs": {
                        "__class__": "IntLiteral",
                        "value": 0,
                        "range": {
                          "__class__": "Pair",
                          "first": {
                            "__class__": "Location",
                            "value": 91
                          },
                          "second": {
                            "__class__": "Location",
                            "value": 91
                          }
                        }
                      },
                      "range": {
                        "__class__": "Pair",
                        "first": {
                          "__class__": "Location",
                          "value": 86
                        },
                        "second": {
                          "__class__": "Location",
                          "value": 91
                        }
                      }
                    },
                    "doExpression": {
                      "__class__": "BoolLiteral",
                      "value": false,
                      "range": {
                        "__class__": "Pair",
                        "first": {
                          "__class__": "Location",
                          "value": 110
                        },
                        "second": {
                          "__class__": "Location",
                          "value": 114
                        }
                      }
                    },
                    "elseExpression": {
                      "__class__": "FunctionCall",
                      "function": {
                        "__class__": "VariableUse",
                        "identifier": "is_even",
                        "range": {
                          "__class__": "Pair",
                          "first": {
                            "__class__": "Location",
                            "value": 141
                          },
                          "second": {
                            "__class__": "Location",
                            "value": 147
                          }
                        }
                      },
                      "arguments": [
                        {
                          "__class__": "Subtraction",
                          "lhs": {
                            "__class__": "VariableUse",
                            "identifier": "x",
                            "range": {
                              "__class__": "Pair",
                              "first": {
                                "__class__": "Location",
                                "value": 149
                              },
                              "second": {
                                "__class__": "Location",
                                "value": 149
                              }
                            }
                          },
                          "rhs": {
                            "__class__": "IntLiteral",
                            "value": 1,
                            "range": {
                              "__class__": "Pair",
                              "first": {
                                "__class__": "Location",
                                "value": 153
                              },
                              "second": {
                                "__class__": "Location",
                                "value": 153
                              }
                            }
                          },
                          "range": {
                            "__class__": "Pair",
                            "first": {
                              "__class__": "Location",
                              "value": 149
                            },
                            "second": {
                              "__class__": "Location",
                              "value": 153
                            }
                          }
                        }
                      ],
                      "range": {
                        "__class__": "Pair",
                        "first": {
                          "__class__": "Location",
                          "value": 141
                        },
                        "second": {
                          "__class__": "Location",
                          "value": 154
                        }
                      }
                    },
                    "range": {
                      "__class__": "Pair",
                      "first": {
                        "__class__": "Location",
                        "value": 83
                      },
                      "second": {
                        "__class__": "Location",
                        "value": 154
                      }
                    }
                  }
                ],
                "range": {
                  "__class__": "Pair",
                  "first": {
                    "__class__": "Location",
                    "value": 73
                  },
                  "second": {
                    "__class__": "Location",
                    "value": 160
                  }
                }
              },
              "identifier": "is_odd",
              "range": {
                "__class__": "Pair",
                "first": {
                  "__class__": "Location",
                  "value": 40
                },
                "second": {
                  "__class__": "Location",
                  "value": 160
                }
              }
            },
            {
              "__class__": "IfElseStatement",
              "testExpression": {
                "__class__": "Equals",
                "lhs": {
                  "__class__": "VariableUse",
                  "identifier": "x",
                  "range": {
                    "__class__": "Pair",
                    "first": {
                      "__class__": "Location",
                      "value": 171
                    },
                    "second": {
                      "__class__": "Location",
                      "value": 171
                    }
                  }
                },
                "rhs": {
                  "__class__": "IntLiteral",
                  "value": 0,
                  "range": {
                    "__class__": "Pair",
                    "first": {
                      "__class__": "Location",
                      "value": 176
                    },
                    "second": {
                      "__class__": "Location",
                      "value": 176
                    }
                  }
                },
                "range": {
                  "__class__": "Pair",
                  "first": {
                    "__class__": "Location",
                    "value": 171
                  },
                  "second": {
                    "__class__": "Location",
                    "value": 176
                  }
                }
              },
              "doExpression": {
                "__class__": "BoolLiteral",
                "value": true,
                "range": {
                  "__class__": "Pair",
                  "first": {
                    "__class__": "Location",
                    "value": 191
                  },
                  "second": {
                    "__class__": "Location",
                    "value": 194
                  }
                }
              },
              "elseExpression": {
                "__class__": "FunctionCall",
                "function": {
                  "__class__": "VariableUse",
                  "identifier": "is_odd",
                  "range": {
                    "__class__": "Pair",
                    "first": {
                      "__class__": "Location",
                      "value": 213
                    },
                    "second": {
                      "__class__": "Location",
                      "value": 218
                    }
                  }
                },
                "arguments": [
                  {
                    "__class__": "Subtraction",
                    "lhs": {
                      "__class__": "VariableUse",
                      "identifier": "x",
                      "range": {
                        "__class__": "Pair",
                        "first": {
                          "__class__": "Location",
                          "value": 220
                        },
                        "second": {
                          "__class__": "Location",
                          "value": 220
                        }
                      }
                    },
                    "rhs": {
                      "__class__": "IntLiteral",
                      "value": 1,
                      "range": {
                        "__class__": "Pair",
                        "first": {
                          "__class__": "Location",
                          "value": 224
                        },
                        "second": {
                          "__class__": "Location",
                          "value": 224
                        }
                      }
                    },
                    "range": {
                      "__class__": "Pair",
                      "first": {
                        "__class__": "Location",
                        "value": 220
                      },
                      "second": {
                        "__class__": "Location",
                        "value": 224
                      }
                    }
                  }
                ],
                "range": {
                  "__class__": "Pair",
                  "first": {
                    "__class__": "Location",
                    "value": 213
                  },
                  "second": {
                    "__class__": "Location",
                    "value": 225
                  }
                }
              },
              "range": {
                "__class__": "Pair",
                "first": {
                  "__class__": "Location",
                  "value": 168
                },
                "second": {
                  "__class__": "Location",
                  "value": 225
                }
              }
            },
            {
              "__class__": "Empty",
              "range": {
                "__class__": "Pair",
                "first": {
                  "__class__": "Location",
                  "value": 227
                },
                "second": {
                  "__class__": "Location",
                  "value": 227
                }
              }
            }
          ],
          "range": {
            "__class__": "Pair",
            "first": {
              "__class__": "Location",
              "value": 34
            },
            "second": {
              "__class__": "Location",
              "value": 228
            }
          }
        },
        "identifier": "is_even",
        "range": {
          "__class__": "Pair",
          "first": {
            "__class__": "Location",
            "value": 0
          },
          "second": {
            "__class__": "Location",
            "value": 228
          }
        }
      },
      {
        "__class__": "FunctionCall",
        "function": {
          "__class__": "VariableUse",
          "identifier": "is_even",
          "range": {
            "__class__": "Pair",
            "first": {
              "__class__": "Location",
              "value": 231
            },
            "second": {
              "__class__": "Location",
              "value": 237
            }
          }
        },
        "arguments": [
          {
            "__class__": "IntLiteral",
            "value": 10,
            "range": {
              "__class__": "Pair",
              "first": {
                "__class__": "Location",
                "value": 239
              },
              "second": {
                "__class__": "Location",
                "value": 240
              }
            }
          }
        ],
        "range": {
          "__class__": "Pair",
          "first": {
            "__class__": "Location",
            "value": 231
          },
          "second": {
            "__class__": "Location",
            "value": 241
          }
        }
      },
      {
        "__class__": "FunctionDeclaration",
        "arguments": [
          {
            "__class__": "FunctionArgument",
            "type": {
              "__class__": "Basic",
              "identifier": "Int",
              "range": {
                "__class__": "Pair",
                "first": {
                  "__class__": "Location",
                  "value": 258
                },
                "second": {
                  "__class__": "Location",
                  "value": 260
                }
              }
            },
            "identifier": "x",
            "range": {
              "__class__": "Pair",
              "first": {
                "__class__": "Location",
                "value": 255
              },
              "second": {
                "__class__": "Location",
                "value": 260
              }
            }
          }
        ],
        "returnType": {
          "__class__": "Basic",
          "identifier": "Int",
          "range": {
            "__class__": "Pair",
            "first": {
              "__class__": "Location",
              "value": 266
            },
            "second": {
              "__class__": "Location",
              "value": 268
            }
          }
        },
        "body": {
          "__class__": "Block",
          "expressions": [
            {
              "__class__": "FunctionDeclaration",
              "arguments": [
                {
                  "__class__": "FunctionArgument",
                  "type": {
                    "__class__": "Basic",
                    "identifier": "Int",
                    "range": {
                      "__class__": "Pair",
                      "first": {
                        "__class__": "Location",
                        "value": 291
                      },
                      "second": {
                        "__class__": "Location",
                        "value": 293
                      }
                    }
                  },
                  "identifier": "x",
                  "range": {
                    "__class__": "Pair",
                    "first": {
                      "__class__": "Location",
                      "value": 288
                    },
                    "second": {
                      "__class__": "Location",
                      "value": 293
                    }
                  }
                }
              ],
              "returnType": {
                "__class__": "Basic",
                "identifier": "Int",
                "range": {
                  "__class__": "Pair",
                  "first": {
                    "__class__": "Location",
                    "value": 299
                  },
                  "second": {
                    "__class__": "Location",
                    "value": 301
                  }
                }
              },
              "body": {
                "__class__": "Block",
                "expressions": [
                  {
                    "__class__": "IfElseStatement",
                    "testExpression": {
                      "__class__": "Less",
                      "lhs": {
                        "__class__": "VariableUse",
                        "identifier": "x",
                        "range": {
                          "__class__": "Pair",
                          "first": {
                            "__class__": "Location",
                            "value": 319
                          },
                          "second": {
                            "__class__": "Location",
                            "value": 319
                          }
                        }
                      },
                      "rhs": {
                        "__class__": "IntLiteral",
                        "value": 2,
                        "range": {
                          "__class__": "Pair",
                          "first": {
                            "__class__": "Location",
                            "value": 323
                          },
                          "second": {
                            "__class__": "Location",
                            "value": 323
                          }
                        }
                      },
                      "range": {
                        "__class__": "Pair",
                        "first": {
                          "__class__": "Location",
                          "value": 319
                        },
                        "second": {
                          "__class__": "Location",
                          "value": 323
                        }
                      }
                    },
                    "doExpression": {
                      "__class__": "IntLiteral",
                      "value": 1,
                      "range": {
                        "__class__": "Pair",
                        "first": {
                          "__class__": "Location",
                          "value": 342
                        },
                        "second": {
                          "__class__": "Location",
                          "value": 342
                        }
                      }
                    },
                    "elseExpression": {
                      "__class__": "Addition",
                      "lhs": {
                        "__class__": "FunctionCall",
                        "function": {
                          "__class__": "VariableUse",
                          "identifier": "g",
                          "range": {
                            "__class__": "Pair",
                            "first": {
                              "__class__": "Location",
                              "value": 369
                            },
                            "second": {
                              "__class__": "Location",
                              "value": 369
                            }
                          }
                        },
                        "arguments": [
                          {
                            "__class__": "Subtraction",
                            "lhs": {
                              "__class__": "VariableUse",
                              "identifier": "x",
                              "range": {
                                "__class__": "Pair",
                                "first": {
                                  "__class__": "Location",
                                  "value": 371
                                },
                                "second": {
                                  "__class__": "Location",
                                  "value": 371
                                }
                              }
                            },
                            "rhs": {
                              "__class__": "IntLiteral",
                              "value": 1,
                              "range": {
                                "__class__": "Pair",
                                "first": {
                                  "__class__": "Location",
                                  "value": 375
                                },
                                "second": {
                                  "__class__": "Location",
                                  "value": 375
                                }
                              }
                            },
                            "range": {
                              "__class__": "Pair",
                              "first": {
                                "__class__": "Location",
                                "value": 371
                              },
                              "second": {
                                "__class__": "Location",
                                "value": 375
                              }
                            }
                          }
                        ],
                        "range": {
                          "__class__": "Pair",
                          "first": {
                            "__class__": "Location",
                            "value": 369
                          },
                          "second": {
                            "__class__": "Location",
                            "value": 376
                          }
                        }
                      },
                      "rhs": {
                        "__class__": "FunctionCall",
                        "function": {
                          "__class__": "VariableUse",
                          "identifier": "f",
                          "range": {
                            "__class__": "Pair",
                            "first": {
                              "__class__": "Location",
                              "value": 380
                            },
                            "second": {
                              "__class__": "Location",
                              "value": 380
                            }
                          }
                        },
                        "arguments": [
                          {
                            "__class__": "Subtraction",
                            "lhs": {
                              "__class__": "VariableUse",
                              "identifier": "x",
                              "range": {
                                "__class__": "Pair",
                                "first": {
                                  "__class__": "Location",
                                  "value": 382
                                },
                                "second": {
                                  "__class__": "Location",
                                  "value": 382
                                }
                              }
                            },
                            "rhs": {
                              "__class__": "IntLiteral",
                              "value": 2,
                              "range": {
                                "__class__": "Pair",
                                "first": {
                                  "__class__": "Location",
                                  "value": 386
                                },
                                "second": {
                                  "__class__": "Location",
                                  "value": 386
                                }
                              }
                            },
                            "range": {
                              "__class__": "Pair",
                              "first": {
                                "__class__": "Location",
                                "value": 382
                              },
                              "second": {
                                "__class__": "Location",
                                "value": 386
                              }
                            }
                          }
                        ],
                        "range": {
                          "__class__": "Pair",
                          "first": {
                            "__class__": "Location",
                            "value": 380
                          },
                          "second": {
                            "__class__": "Location",
                            "value": 387
                          }
                        }
                      },
                      "range": {
                        "__class__": "Pair",
                        "first": {
                          "__class__": "Location",
                          "value": 369
                        },
                        "second": {
                          "__class__": "Location",
                          "value": 387
                        }
                      }
                    },
                    "range": {
                      "__class__": "Pair",
                      "first": {
                        "__class__": "Location",
                        "value": 316
                      },
                      "second": {
                        "__class__": "Location",
                        "value": 387
                      }
                    }
                  }
                ],
                "range": {
                  "__class__": "Pair",
                  "first": {
                    "__class__": "Location",
                    "value": 306
                  },
                  "second": {
                    "__class__": "Location",
                    "value": 393
                  }
                }
              },
              "identifier": "g",
              "range": {
                "__class__": "Pair",
                "first": {
                  "__class__": "Location",
                  "value": 279
                },
                "second": {
                  "__class__": "Location",
                  "value": 393
                }
              }
            },
            {
              "__class__": "IfElseStatement",
              "testExpression": {
                "__class__": "Less",
                "lhs": {
                  "__class__": "VariableUse",
                  "identifier": "x",
                  "range": {
                    "__class__": "Pair",
                    "first": {
                      "__class__": "Location",
                      "value": 404
                    },
                    "second": {
                      "__class__": "Location",
                      "value": 404
                    }
                  }
                },
                "rhs": {
                  "__class__": "IntLiteral",
                  "value": 2,
                  "range": {
                    "__class__": "Pair",
                    "first": {
                      "__class__": "Location",
                      "value": 408
                    },
                    "second": {
                      "__class__": "Location",
                      "value": 408
                    }
                  }
                },
                "range": {
                  "__class__": "Pair",
                  "first": {
                    "__class__": "Location",
                    "value": 404
                  },
                  "second": {
                    "__class__": "Location",
                    "value": 408
                  }
                }
              },
              "doExpression": {
                "__class__": "IntLiteral",
                "value": 1,
                "range": {
                  "__class__": "Pair",
                  "first": {
                    "__class__": "Location",
                    "value": 424
                  },
                  "second": {
                    "__class__": "Location",
                    "value": 424
                  }
                }
              },
              "elseExpression": {
                "__class__": "Addition",
                "lhs": {
                  "__class__": "FunctionCall",
                  "function": {
                    "__class__": "VariableUse",
                    "identifier": "f",
                    "range": {
                      "__class__": "Pair",
                      "first": {
                        "__class__": "Location",
                        "value": 443
                      },
                      "second": {
                        "__class__": "Location",
                        "value": 443
                      }
                    }
                  },
                  "arguments": [
                    {
                      "__class__": "Subtraction",
                      "lhs": {
                        "__class__": "VariableUse",
                        "identifier": "x",
                        "range": {
                          "__class__": "Pair",
                          "first": {
                            "__class__": "Location",
                            "value": 445
                          },
                          "second": {
                            "__class__": "Location",
                            "value": 445
                          }
                        }
                      },
                      "rhs": {
                        "__class__": "IntLiteral",
                        "value": 1,
                        "range": {
                          "__class__": "Pair",
                          "first": {
                            "__class__": "Location",
                            "value": 449
                          },
                          "second": {
                            "__class__": "Location",
                            "value": 449
                          }
                        }
                      },
                      "range": {
                        "__class__": "Pair",
                        "first": {
                          "__class__": "Location",
                          "value": 445
                        },
                        "second": {
                          "__class__": "Location",
                          "value": 449
                        }
                      }
                    }
                  ],
                  "range": {
                    "__class__": "Pair",
                    "first": {
                      "__class__": "Location",
                      "value": 443
                    },
                    "second": {
                      "__class__": "Location",
                      "value": 450
                    }
                  }
                },
                "rhs": {
                  "__class__": "FunctionCall",
                  "function": {
                    "__class__": "VariableUse",
                    "identifier": "g",
                    "range": {
                      "__class__": "Pair",
                      "first": {
                        "__class__": "Location",
                        "value": 454
                      },
                      "second": {
                        "__class__": "Location",
                        "value": 454
                      }
                    }
                  },
                  "arguments": [
                    {
                      "__class__": "Subtraction",
                      "lhs": {
                        "__class__": "VariableUse",
                        "identifier": "x",
                        "range": {
                          "__class__": "Pair",
                          "first": {
                            "__class__": "Location",
                            "value": 456
                          },
                          "second": {
                            "__class__": "Location",
                            "value": 456
                          }
                        }
                      },
                      "rhs": {
                        "__class__": "IntLiteral",
                        "value": 2,
                        "range": {
                          "__class__": "Pair",
                          "first": {
                            "__class__": "Location",
                            "value": 460
                          },
                          "second": {
                            "__class__": "Location",
                            "value": 460
                          }
                        }
                      },
                      "range": {
                        "__class__": "Pair",
                        "first": {
                          "__class__": "Location",
                          "value": 456
                        },
                        "second": {
                          "__class__": "Location",
                          "value": 460
                        }
                      }
                    }
                  ],
                  "range": {
                    "__class__": "Pair",
                    "first": {
                      "__class__": "Location",
                      "value": 454
                    },
                    "second": {
                      "__class__": "Location",
                      "value": 461
                    }
                  }
                },
                "range": {
                  "__class__": "Pair",
                  "first": {
                    "__class__": "Location",
                    "value": 443
                  },
                  "second": {
                    "__class__": "Location",
                    "value": 461
                  }
                }
              },
              "range": {
                "__class__": "Pair",
                "first": {
                  "__class__": "Location",
                  "value": 401
                },
                "second": {
                  "__class__": "Location",
                  "value": 461
                }
              }
            }
          ],
          "range": {
            "__class__": "Pair",
            "first": {
              "__class__": "Location",
              "value": 273
            },
            "second": {
              "__class__": "Location",
              "value": 463
            }
          }
        },
        "identifier": "f",
        "range": {
          "__class__": "Pair",
          "first": {
            "__class__": "Location",
            "value": 246
          },
          "second": {
            "__class__": "Location",
            "value": 463
          }
        }
      },
      {
        "__class__": "FunctionCall",
        "function": {
          "__class__": "VariableUse",
          "identifier": "f",
          "range": {
            "__class__": "Pair",
            "first": {
              "__class__": "Location",
              "value": 466
            },
            "second": {
              "__class__": "Location",
              "value": 466
            }
          }
        },
        "arguments": [
          {
            "__class__": "IntLiteral",
            "value": 6,
            "range": {
              "__class__": "Pair",
              "first": {
                "__class__": "Location",
                "value": 468
              },
              "second": {
                "__class__": "Location",
                "value": 468
              }
            }
          }
        ],
        "range": {
          "__class__": "Pair",
          "first": {
            "__class__": "Location",
            "value": 466
          },
          "second": {
            "__class__": "Location",
            "value": 469
          }
        }
      },
      {
        "__class__": "Empty",
        "range": {
          "__class__": "Pair",
          "first": {
            "__class__": "Location",
            "value": 469
          },
          "second": {
            "__class__": "Location",
            "value": 469
          }
        }
      }
    ],
    "range": {
      "__class__": "Pair",
      "first": {
        "__class__": "Location",
        "value": 0
      },
      "second": {
        "__class__": "Location",
        "value": 470
      }
    }
  },
  "diagnostics": {
    "__class__": "TestDiagnostics",
    "errors": []
  },
  "exceptionMessage": ""
}