{
  "__class__": "LinkedHashMap",
  "(Location(value\u003d-1), Location(value\u003d74))": {
    "__class__": "AnalyzedFunction",
    "function": {
      "__class__": "FunctionDeclaration",
      "type": {
        "__class__": "Functional",
        "argumentsType": [],
        "returnType": {
          "__class__": "Basic",
          "identifier": "Int",
          "range": {
            "__class__": "Pair",
            "first": {
              "__class__": "Location",
              "value": -1
            },
            "second": {
              "__class__": "Location",
              "value": -1
            }
          }
        },
        "range": {
          "__class__": "Pair",
          "first": {
            "__class__": "Location",
            "value": -1
          },
          "second": {
            "__class__": "Location",
            "value": -1
          }
        }
      },
      "arguments": [],
      "returnType": {
        "__class__": "Basic",
        "identifier": "Int",
        "range": {
          "__class__": "Pair",
          "first": {
            "__class__": "Location",
            "value": -1
          },
          "second": {
            "__class__": "Location",
            "value": -1
          }
        }
      },
      "body": {
        "__class__": "Block",
        "expressions": [
          {
            "__class__": "Block",
            "expressions": [
              {
                "__class__": "Division",
                "lhs": {
                  "__class__": "Block",
                  "expressions": [
                    {
                      "__class__": "Subtraction",
                      "lhs": {
                        "__class__": "IntLiteral",
                        "value": 0,
                        "range": {
                          "__class__": "Pair",
                          "first": {
                            "__class__": "Location",
                            "value": 1
                          },
                          "second": {
                            "__class__": "Location",
                            "value": 1
                          }
                        }
                      },
                      "rhs": {
                        "__class__": "IntLiteral",
                        "value": 3,
                        "range": {
                          "__class__": "Pair",
                          "first": {
                            "__class__": "Location",
                            "value": 3
                          },
                          "second": {
                            "__class__": "Location",
                            "value": 3
                          }
                        }
                      },
                      "range": {
                        "__class__": "Pair",
                        "first": {
                          "__class__": "Location",
                          "value": 1
                        },
                        "second": {
                          "__class__": "Location",
                          "value": 3
                        }
                      }
                    }
                  ],
                  "range": {
                    "__class__": "Pair",
                    "first": {
                      "__class__": "Location",
                      "value": 0
                    },
                    "second": {
                      "__class__": "Location",
                      "value": 4
                    }
                  }
                },
                "rhs": {
                  "__class__": "IntLiteral",
                  "value": 4,
                  "range": {
                    "__class__": "Pair",
                    "first": {
                      "__class__": "Location",
                      "value": 8
                    },
                    "second": {
                      "__class__": "Location",
                      "value": 8
                    }
                  }
                },
                "range": {
                  "__class__": "Pair",
                  "first": {
                    "__class__": "Location",
                    "value": 0
                  },
                  "second": {
                    "__class__": "Location",
                    "value": 8
                  }
                }
              },
              {
                "__class__": "Division",
                "lhs": {
                  "__class__": "IntLiteral",
                  "value": 3,
                  "range": {
                    "__class__": "Pair",
                    "first": {
                      "__class__": "Location",
                      "value": 11
                    },
                    "second": {
                      "__class__": "Location",
                      "value": 11
                    }
                  }
                },
                "rhs": {
                  "__class__": "Block",
                  "expressions": [
                    {
                      "__class__": "Subtraction",
                      "lhs": {
                        "__class__": "IntLiteral",
                        "value": 0,
                        "range": {
                          "__class__": "Pair",
                          "first": {
                            "__class__": "Location",
                            "value": 16
                          },
                          "second": {
                            "__class__": "Location",
                            "value": 16
                          }
                        }
                      },
                      "rhs": {
                        "__class__": "IntLiteral",
                        "value": 4,
                        "range": {
                          "__class__": "Pair",
                          "first": {
                            "__class__": "Location",
                            "value": 18
                          },
                          "second": {
                            "__class__": "Location",
                            "value": 18
                          }
                        }
                      },
                      "range": {
                        "__class__": "Pair",
                        "first": {
                          "__class__": "Location",
                          "value": 16
                        },
                        "second": {
                          "__class__": "Location",
                          "value": 18
                        }
                      }
                    }
                  ],
                  "range": {
                    "__class__": "Pair",
                    "first": {
                      "__class__": "Location",
                      "value": 15
                    },
                    "second": {
                      "__class__": "Location",
                      "value": 19
                    }
                  }
                },
                "range": {
                  "__class__": "Pair",
                  "first": {
                    "__class__": "Location",
                    "value": 11
                  },
                  "second": {
                    "__class__": "Location",
                    "value": 19
                  }
                }
              },
              {
                "__class__": "Division",
                "lhs": {
                  "__class__": "Block",
                  "expressions": [
                    {
                      "__class__": "Subtraction",
                      "lhs": {
                        "__class__": "IntLiteral",
                        "value": 0,
                        "range": {
                          "__class__": "Pair",
                          "first": {
                            "__class__": "Location",
                            "value": 23
                          },
                          "second": {
                            "__class__": "Location",
                            "value": 23
                          }
                        }
                      },
                      "rhs": {
                        "__class__": "IntLiteral",
                        "value": 3,
                        "range": {
                          "__class__": "Pair",
                          "first": {
                            "__class__": "Location",
                            "value": 25
                          },
                          "second": {
                            "__class__": "Location",
                            "value": 25
                          }
                        }
                      },
                      "range": {
                        "__class__": "Pair",
                        "first": {
                          "__class__": "Location",
                          "value": 23
                        },
                        "second": {
                          "__class__": "Location",
                          "value": 25
                        }
                      }
                    }
                  ],
                  "range": {
                    "__class__": "Pair",
                    "first": {
                      "__class__": "Location",
                      "value": 22
                    },
                    "second": {
                      "__class__": "Location",
                      "value": 26
                    }
                  }
                },
                "rhs": {
                  "__class__": "Block",
                  "expressions": [
                    {
                      "__class__": "Subtraction",
                      "lhs": {
                        "__class__": "IntLiteral",
                        "value": 0,
                        "range": {
                          "__class__": "Pair",
                          "first": {
                            "__class__": "Location",
                            "value": 31
                          },
                          "second": {
                            "__class__": "Location",
                            "value": 31
                          }
                        }
                      },
                      "rhs": {
                        "__class__": "IntLiteral",
                        "value": 4,
                        "range": {
                          "__class__": "Pair",
                          "first": {
                            "__class__": "Location",
                            "value": 33
                          },
                          "second": {
                            "__class__": "Location",
                            "value": 33
                          }
                        }
                      },
                      "range": {
                        "__class__": "Pair",
                        "first": {
                          "__class__": "Location",
                          "value": 31
                        },
                        "second": {
                          "__class__": "Location",
                          "value": 33
                        }
                      }
                    }
                  ],
                  "range": {
                    "__class__": "Pair",
                    "first": {
                      "__class__": "Location",
                      "value": 30
                    },
                    "second": {
                      "__class__": "Location",
                      "value": 34
                    }
                  }
                },
                "range": {
                  "__class__": "Pair",
                  "first": {
                    "__class__": "Location",
                    "value": 22
                  },
                  "second": {
                    "__class__": "Location",
                    "value": 34
                  }
                }
              },
              {
                "__class__": "Modulo",
                "lhs": {
                  "__class__": "Block",
                  "expressions": [
                    {
                      "__class__": "Subtraction",
                      "lhs": {
                        "__class__": "IntLiteral",
                        "value": 0,
                        "range": {
                          "__class__": "Pair",
                          "first": {
                            "__class__": "Location",
                            "value": 39
                          },
                          "second": {
                            "__class__": "Location",
                            "value": 39
                          }
                        }
                      },
                      "rhs": {
                        "__class__": "IntLiteral",
                        "value": 3,
                        "range": {
                          "__class__": "Pair",
                          "first": {
                            "__class__": "Location",
                            "value": 41
                          },
                          "second": {
                            "__class__": "Location",
                            "value": 41
                          }
                        }
                      },
                      "range": {
                        "__class__": "Pair",
                        "first": {
                          "__class__": "Location",
                          "value": 39
                        },
                        "second": {
                          "__class__": "Location",
                          "value": 41
                        }
                      }
                    }
                  ],
                  "range": {
                    "__class__": "Pair",
                    "first": {
                      "__class__": "Location",
                      "value": 38
                    },
                    "second": {
                      "__class__": "Location",
                      "value": 42
                    }
                  }
                },
                "rhs": {
                  "__class__": "IntLiteral",
                  "value": 4,
                  "range": {
                    "__class__": "Pair",
                    "first": {
                      "__class__": "Location",
                      "value": 46
                    },
                    "second": {
                      "__class__": "Location",
                      "value": 46
                    }
                  }
                },
                "range": {
                  "__class__": "Pair",
                  "first": {
                    "__class__": "Location",
                    "value": 38
                  },
                  "second": {
                    "__class__": "Location",
                    "value": 46
                  }
                }
              },
              {
                "__class__": "Modulo",
                "lhs": {
                  "__class__": "IntLiteral",
                  "value": 3,
                  "range": {
                    "__class__": "Pair",
                    "first": {
                      "__class__": "Location",
                      "value": 49
                    },
                    "second": {
                      "__class__": "Location",
                      "value": 49
                    }
                  }
                },
                "rhs": {
                  "__class__": "Block",
                  "expressions": [
                    {
                      "__class__": "Subtraction",
                      "lhs": {
                        "__class__": "IntLiteral",
                        "value": 0,
                        "range": {
                          "__class__": "Pair",
                          "first": {
                            "__class__": "Location",
                            "value": 54
                          },
                          "second": {
                            "__class__": "Location",
                            "value": 54
                          }
                        }
                      },
                      "rhs": {
                        "__class__": "IntLiteral",
                        "value": 4,
                        "range": {
                          "__class__": "Pair",
                          "first": {
                            "__class__": "Location",
                            "value": 56
                          },
                          "second": {
                            "__class__": "Location",
                            "value": 56
                          }
                        }
                      },
                      "range": {
                        "__class__": "Pair",
                        "first": {
                          "__class__": "Location",
                          "value": 54
                        },
                        "second": {
                          "__class__": "Location",
                          "value": 56
                        }
                      }
                    }
                  ],
                  "range": {
                    "__class__": "Pair",
                    "first": {
                      "__class__": "Location",
                      "value": 53
                    },
                    "second": {
                      "__class__": "Location",
                      "value": 57
                    }
                  }
                },
                "range": {
                  "__class__": "Pair",
                  "first": {
                    "__class__": "Location",
                    "value": 49
                  },
                  "second": {
                    "__class__": "Location",
                    "value": 57
                  }
                }
              },
              {
                "__class__": "Modulo",
                "lhs": {
                  "__class__": "Block",
                  "expressions": [
                    {
                      "__class__": "Subtraction",
                      "lhs": {
                        "__class__": "IntLiteral",
                        "value": 0,
                        "range": {
                          "__class__": "Pair",
                          "first": {
                            "__class__": "Location",
                            "value": 61
                          },
                          "second": {
                            "__class__": "Location",
                            "value": 61
                          }
                        }
                      },
                      "rhs": {
                        "__class__": "IntLiteral",
                        "value": 3,
                        "range": {
                          "__class__": "Pair",
                          "first": {
                            "__class__": "Location",
                            "value": 63
                          },
                          "second": {
                            "__class__": "Location",
                            "value": 63
                          }
                        }
                      },
                      "range": {
                        "__class__": "Pair",
                        "first": {
                          "__class__": "Location",
                          "value": 61
                        },
                        "second": {
                          "__class__": "Location",
                          "value": 63
                        }
                      }
                    }
                  ],
                  "range": {
                    "__class__": "Pair",
                    "first": {
                      "__class__": "Location",
                      "value": 60
                    },
                    "second": {
                      "__class__": "Location",
                      "value": 64
                    }
                  }
                },
                "rhs": {
                  "__class__": "Block",
                  "expressions": [
                    {
                      "__class__": "Subtraction",
                      "lhs": {
                        "__class__": "IntLiteral",
                        "value": 0,
                        "range": {
                          "__class__": "Pair",
                          "first": {
                            "__class__": "Location",
                            "value": 69
                          },
                          "second": {
                            "__class__": "Location",
                            "value": 69
                          }
                        }
                      },
                      "rhs": {
                        "__class__": "IntLiteral",
                        "value": 4,
                        "range": {
                          "__class__": "Pair",
                          "first": {
                            "__class__": "Location",
                            "value": 71
                          },
                          "second": {
                            "__class__": "Location",
                            "value": 71
                          }
                        }
                      },
                      "range": {
                        "__class__": "Pair",
                        "first": {
                          "__class__": "Location",
                          "value": 69
                        },
                        "second": {
                          "__class__": "Location",
                          "value": 71
                        }
                      }
                    }
                  ],
                  "range": {
                    "__class__": "Pair",
                    "first": {
                      "__class__": "Location",
                      "value": 68
                    },
                    "second": {
                      "__class__": "Location",
                      "value": 72
                    }
                  }
                },
                "range": {
                  "__class__": "Pair",
                  "first": {
                    "__class__": "Location",
                    "value": 60
                  },
                  "second": {
                    "__class__": "Location",
                    "value": 72
                  }
                }
              },
              {
                "__class__": "Empty",
                "range": {
                  "__class__": "Pair",
                  "first": {
                    "__class__": "Location",
                    "value": 72
                  },
                  "second": {
                    "__class__": "Location",
                    "value": 72
                  }
                }
              }
            ],
            "range": {
              "__class__": "Pair",
              "first": {
                "__class__": "Location",
                "value": 0
              },
              "second": {
                "__class__": "Location",
                "value": 73
              }
            }
          },
          {
            "__class__": "ReturnStatement",
            "value": {
              "__class__": "IntLiteral",
              "value": 0,
              "range": {
                "__class__": "Pair",
                "first": {
                  "__class__": "Location",
                  "value": 74
                },
                "second": {
                  "__class__": "Location",
                  "value": 74
                }
              }
            },
            "range": {
              "__class__": "Pair",
              "first": {
                "__class__": "Location",
                "value": 74
              },
              "second": {
                "__class__": "Location",
                "value": 74
              }
            }
          }
        ],
        "range": {
          "__class__": "Pair",
          "first": {
            "__class__": "Location",
            "value": 0
          },
          "second": {
            "__class__": "Location",
            "value": 74
          }
        }
      },
      "identifier": "\u003cprogram\u003e",
      "range": {
        "__class__": "Pair",
        "first": {
          "__class__": "Location",
          "value": -1
        },
        "second": {
          "__class__": "Location",
          "value": 74
        }
      }
    },
    "variables": [],
    "auxVariables": [],
    "staticDepth": 0,
    "variablesUsedInNestedFunctions": []
  }
}