{
  "__class__": "LinkedHashMap",
  "(Location(value\u003d59), Location(value\u003d59))": {
    "__class__": "Pair",
    "first": {
      "__class__": "Location",
      "value": 39
    },
    "second": {
      "__class__": "Location",
      "value": 45
    }
  },
  "(Location(value\u003d62), Location(value\u003d62))": {
    "__class__": "Pair",
    "first": {
      "__class__": "Location",
      "value": 30
    },
    "second": {
      "__class__": "Location",
      "value": 59
    }
  },
  "(Location(value\u003d64), Location(value\u003d64))": {
    "__class__": "Pair",
    "first": {
      "__class__": "Location",
      "value": 9
    },
    "second": {
      "__class__": "Location",
      "value": 15
    }
  },
  "(Location(value\u003d67), Location(value\u003d67))": {
    "__class__": "Pair",
    "first": {
      "__class__": "Location",
      "value": -1
    },
    "second": {
      "__class__": "Location",
      "value": 67
    }
  }
}