{
  "__class__": "LinkedHashMap",
  "(Location(value\u003d72), Location(value\u003d105))": {
    "__class__": "AnalyzedFunction",
    "variables": [],
    "auxVariables": [],
    "staticDepth": 0,
    "variablesUsedInNestedFunctions": []
  },
  "(Location(value\u003d205), Location(value\u003d238))": {
    "__class__": "AnalyzedFunction",
    "variables": [],
    "auxVariables": [],
    "staticDepth": 0,
    "variablesUsedInNestedFunctions": []
  },
  "(Location(value\u003d355), Location(value\u003d388))": {
    "__class__": "AnalyzedFunction",
    "variables": [],
    "auxVariables": [],
    "staticDepth": 0,
    "variablesUsedInNestedFunctions": []
  },
  "(Location(value\u003d420), Location(value\u003d451))": {
    "__class__": "AnalyzedFunction",
    "variables": [],
    "auxVariables": [],
    "staticDepth": 0,
    "variablesUsedInNestedFunctions": []
  },
  "(Location(value\u003d528), Location(value\u003d555))": {
    "__class__": "AnalyzedFunction",
    "variables": [],
    "auxVariables": [],
    "staticDepth": 0,
    "variablesUsedInNestedFunctions": []
  },
  "(Location(value\u003d628), Location(value\u003d655))": {
    "__class__": "AnalyzedFunction",
    "variables": [],
    "auxVariables": [],
    "staticDepth": 0,
    "variablesUsedInNestedFunctions": []
  },
  "(Location(value\u003d686), Location(value\u003d714))": {
    "__class__": "AnalyzedFunction",
    "variables": [],
    "auxVariables": [],
    "staticDepth": 0,
    "variablesUsedInNestedFunctions": []
  },
  "(Location(value\u003d760), Location(value\u003d788))": {
    "__class__": "AnalyzedFunction",
    "variables": [],
    "auxVariables": [],
    "staticDepth": 0,
    "variablesUsedInNestedFunctions": []
  },
  "(Location(value\u003d795), Location(value\u003d870))": {
    "__class__": "AnalyzedFunction",
    "variables": [],
    "auxVariables": [],
    "staticDepth": 0,
    "variablesUsedInNestedFunctions": []
  },
  "(Location(value\u003d911), Location(value\u003d932))": {
    "__class__": "AnalyzedFunction",
    "variables": [],
    "auxVariables": [],
    "staticDepth": 0,
    "variablesUsedInNestedFunctions": []
  },
  "(Location(value\u003d1026), Location(value\u003d1047))": {
    "__class__": "AnalyzedFunction",
    "variables": [],
    "auxVariables": [],
    "staticDepth": 0,
    "variablesUsedInNestedFunctions": []
  },
  "(Location(value\u003d1124), Location(value\u003d1153))": {
    "__class__": "AnalyzedFunction",
    "variables": [],
    "auxVariables": [],
    "staticDepth": 0,
    "variablesUsedInNestedFunctions": []
  },
  "(Location(value\u003d1160), Location(value\u003d1187))": {
    "__class__": "AnalyzedFunction",
    "variables": [],
    "auxVariables": [],
    "staticDepth": 0,
    "variablesUsedInNestedFunctions": []
  },
  "(Location(value\u003d1244), Location(value\u003d1275))": {
    "__class__": "AnalyzedFunction",
    "variables": [],
    "auxVariables": [],
    "staticDepth": 0,
    "variablesUsedInNestedFunctions": []
  }
}