{
  "__class__": "LinkedHashMap",
  "(Location(value\u003d60), Location(value\u003d60))": {
    "__class__": "IntegerType",
    "name": "Int"
  },
  "(Location(value\u003d52), Location(value\u003d60))": {
    "__class__": "UnitType",
    "name": "Unit"
  },
  "(Location(value\u003d88), Location(value\u003d91))": {
    "__class__": "BooleanType",
    "name": "Bool"
  },
  "(Location(value\u003d63), Location(value\u003d91))": {
    "__class__": "UnitType",
    "name": "Unit"
  },
  "(Location(value\u003d161), Location(value\u003d161))": {
    "__class__": "IntegerType",
    "name": "Int"
  },
  "(Location(value\u003d131), Location(value\u003d161))": {
    "__class__": "UnitType",
    "name": "Unit"
  },
  "(Location(value\u003d230), Location(value\u003d230))": {
    "__class__": "IntegerType",
    "name": "Int"
  },
  "(Location(value\u003d213), Location(value\u003d230))": {
    "__class__": "UnitType",
    "name": "Unit"
  },
  "(Location(value\u003d251), Location(value\u003d255))": {
    "__class__": "BooleanType",
    "name": "Bool"
  },
  "(Location(value\u003d233), Location(value\u003d255))": {
    "__class__": "UnitType",
    "name": "Unit"
  },
  "(Location(value\u003d305), Location(value\u003d310))": {
    "__class__": "IntegerType",
    "name": "Int"
  },
  "(Location(value\u003d323), Location(value\u003d323))": {
    "__class__": "UnitType",
    "name": "Unit"
  },
  "(Location(value\u003d289), Location(value\u003d323))": {
    "__class__": "UnitType",
    "name": "Unit"
  },
  "(Location(value\u003d52), Location(value\u003d324))": {
    "__class__": "UnitType",
    "name": "Unit"
  },
  "(Location(value\u003d325), Location(value\u003d325))": {
    "__class__": "IntegerType",
    "name": "Int"
  },
  "(Location(value\u003d0), Location(value\u003d325))": {
    "__class__": "VoidType",
    "name": "Void"
  },
  "(Location(value\u003d-1), Location(value\u003d325))": {
    "__class__": "IntegerType",
    "name": "Int"
  }
}