{
  "__class__": "LinkedHashMap",
  "(Location(value\u003d18), Location(value\u003d49))": {
    "__class__": "AnalyzedFunction",
    "function": {
      "__class__": "FunctionDeclaration",
      "arguments": [],
      "returnType": {
        "__class__": "Basic",
        "identifier": "Unit",
        "range": {
          "__class__": "Pair",
          "first": {
            "__class__": "Location",
            "value": 40
          },
          "second": {
            "__class__": "Location",
            "value": 43
          }
        }
      },
      "body": {
        "__class__": "Block",
        "expressions": [
          {
            "__class__": "Empty",
            "range": {
              "__class__": "Pair",
              "first": {
                "__class__": "Location",
                "value": 48
              },
              "second": {
                "__class__": "Location",
                "value": 48
              }
            }
          }
        ],
        "range": {
          "__class__": "Pair",
          "first": {
            "__class__": "Location",
            "value": 48
          },
          "second": {
            "__class__": "Location",
            "value": 49
          }
        }
      },
      "identifier": "say_hello",
      "range": {
        "__class__": "Pair",
        "first": {
          "__class__": "Location",
          "value": 18
        },
        "second": {
          "__class__": "Location",
          "value": 49
        }
      }
    },
    "variables": [],
    "auxVariables": [],
    "staticDepth": 0,
    "variablesUsedInNestedFunctions": []
  }
}