{
  "__class__": "ExampleResult",
  "AST": {
    "__class__": "Block",
    "expressions": [
      {
        "__class__": "FunctionDeclaration",
        "arguments": [],
        "returnType": {
          "__class__": "Basic",
          "identifier": "Bool",
          "range": {
            "__class__": "Pair",
            "first": {
              "__class__": "Location",
              "value": 23
            },
            "second": {
              "__class__": "Location",
              "value": 26
            }
          }
        },
        "body": {
          "__class__": "BoolLiteral",
          "value": true,
          "range": {
            "__class__": "Pair",
            "first": {
              "__class__": "Location",
              "value": 31
            },
            "second": {
              "__class__": "Location",
              "value": 34
            }
          }
        },
        "identifier": "keep_going",
        "range": {
          "__class__": "Pair",
          "first": {
            "__class__": "Location",
            "value": 0
          },
          "second": {
            "__class__": "Location",
            "value": 34
          }
        }
      },
      {
        "__class__": "FunctionDeclaration",
        "arguments": [],
        "returnType": {
          "__class__": "Basic",
          "identifier": "Unit",
          "range": {
            "__class__": "Pair",
            "first": {
              "__class__": "Location",
              "value": 59
            },
            "second": {
              "__class__": "Location",
              "value": 62
            }
          }
        },
        "body": {
          "__class__": "Block",
          "expressions": [
            {
              "__class__": "Empty",
              "range": {
                "__class__": "Pair",
                "first": {
                  "__class__": "Location",
                  "value": 67
                },
                "second": {
                  "__class__": "Location",
                  "value": 67
                }
              }
            }
          ],
          "range": {
            "__class__": "Pair",
            "first": {
              "__class__": "Location",
              "value": 67
            },
            "second": {
              "__class__": "Location",
              "value": 68
            }
          }
        },
        "identifier": "say_hello",
        "range": {
          "__class__": "Pair",
          "first": {
            "__class__": "Location",
            "value": 37
          },
          "second": {
            "__class__": "Location",
            "value": 68
          }
        }
      },
      {
        "__class__": "WhileStatement",
        "testExpression": {
          "__class__": "FunctionCall",
          "function": {
            "__class__": "VariableUse",
            "identifier": "keep_going",
            "range": {
              "__class__": "Pair",
              "first": {
                "__class__": "Location",
                "value": 77
              },
              "second": {
                "__class__": "Location",
                "value": 86
              }
            }
          },
          "arguments": [],
          "range": {
            "__class__": "Pair",
            "first": {
              "__class__": "Location",
              "value": 77
            },
            "second": {
              "__class__": "Location",
              "value": 88
            }
          }
        },
        "doExpression": {
          "__class__": "FunctionCall",
          "function": {
            "__class__": "VariableUse",
            "identifier": "say_hello",
            "range": {
              "__class__": "Pair",
              "first": {
                "__class__": "Location",
                "value": 95
              },
              "second": {
                "__class__": "Location",
                "value": 103
              }
            }
          },
          "arguments": [],
          "range": {
            "__class__": "Pair",
            "first": {
              "__class__": "Location",
              "value": 95
            },
            "second": {
              "__class__": "Location",
              "value": 105
            }
          }
        },
        "range": {
          "__class__": "Pair",
          "first": {
            "__class__": "Location",
            "value": 71
          },
          "second": {
            "__class__": "Location",
            "value": 105
          }
        }
      },
      {
        "__class__": "Empty",
        "range": {
          "__class__": "Pair",
          "first": {
            "__class__": "Location",
            "value": 105
          },
          "second": {
            "__class__": "Location",
            "value": 105
          }
        }
      }
    ],
    "range": {
      "__class__": "Pair",
      "first": {
        "__class__": "Location",
        "value": 0
      },
      "second": {
        "__class__": "Location",
        "value": 106
      }
    }
  },
  "diagnostics": {
    "__class__": "TestDiagnostics",
    "errors": []
  },
  "exceptionMessage": ""
}